<?xml version="1.0" encoding="UTF-8"?>
<TestRun id="7b454e27-005c-4f3e-b0c8-41931f839bcc" name="pc1@ADI 2012-11-22 23:49:53" runUser="ADI\pc1" xmlns="http://microsoft.com/schemas/VisualStudio/TeamTest/2010">
  <TestSettings name="Local" id="8e47a06c-9acb-4e37-8aaa-ce98d320818c">
    <Description>These are default test settings for a local test run.</Description>
    <Deployment enabled="false" runDeploymentRoot="pc1_ADI 2012-11-22 23_49_53">
      <DeploymentItem filename="C:\Personal\Go\TestProject1\TestProject1\bin\Debug\TestProject1.exe" />
    </Deployment>
    <Execution>
      <TestTypeSpecific />
      <AgentRule name="Execution Agents">
      </AgentRule>
    </Execution>
  </TestSettings>
  <Times creation="2012-11-22T23:49:53.5691944+00:00" queuing="2012-11-22T23:49:53.8792121+00:00" start="2012-11-22T23:49:53.9162142+00:00" finish="2012-11-22T23:49:54.5722517+00:00" />
  <ResultSummary outcome="Failed">
    <Counters total="45" executed="45" passed="44" error="0" failed="1" timeout="0" aborted="0" inconclusive="0" passedButRunAborted="0" notRunnable="0" notExecuted="0" disconnected="0" warning="0" completed="0" inProgress="0" pending="0" />
  </ResultSummary>
  <TestDefinitions>
    <UnitTest name="FindPlayerFromListWithName" storage="c:\personal\go\testproject1\project1vstests\bin\debug\project1vstests.dll" id="63417751-7623-be38-a4d3-37490ad4706f">
      <Execution id="ba426d79-7ce3-4bbf-962c-20f2bca3e8fa" />
      <TestMethod codeBase="C:/Personal/Go/TestProject1/Project1VSTests/bin/Debug/Project1VSTests.DLL" adapterTypeName="Microsoft.VisualStudio.TestTools.TestTypes.Unit.UnitTestAdapter, Microsoft.VisualStudio.QualityTools.Tips.UnitTest.Adapter, Version=10.0.0.0, Culture=neutral, PublicKeyToken=b03f5f7f11d50a3a" className="Project1.LadderTests, Project1VSTests, Version=1.0.0.0, Culture=neutral, PublicKeyToken=null" name="FindPlayerFromListWithName" />
    </UnitTest>
    <UnitTest name="GetIDofLastPlayerInList" storage="c:\personal\go\testproject1\project1vstests\bin\debug\project1vstests.dll" id="bf2d210f-499d-db34-fdc7-38401fadd68c">
      <Execution id="49fb298f-5b63-4729-8dd7-7f19c81dcca6" />
      <TestMethod codeBase="C:/Personal/Go/TestProject1/Project1VSTests/bin/Debug/Project1VSTests.DLL" adapterTypeName="Microsoft.VisualStudio.TestTools.TestTypes.Unit.UnitTestAdapter, Microsoft.VisualStudio.QualityTools.Tips.UnitTest.Adapter, Version=10.0.0.0, Culture=neutral, PublicKeyToken=b03f5f7f11d50a3a" className="Project1.LadderTests, Project1VSTests, Version=1.0.0.0, Culture=neutral, PublicKeyToken=null" name="GetIDofLastPlayerInList" />
    </UnitTest>
    <UnitTest name="AddingGamesAutomaticallyAddsGameID" storage="c:\personal\go\testproject1\project1vstests\bin\debug\project1vstests.dll" id="c8c2dc19-5f39-1c20-c766-3762219651c1">
      <Execution id="603c873b-8190-4059-afb4-fe7cf69b3180" />
      <TestMethod codeBase="C:/Personal/Go/TestProject1/Project1VSTests/bin/Debug/Project1VSTests.DLL" adapterTypeName="Microsoft.VisualStudio.TestTools.TestTypes.Unit.UnitTestAdapter, Microsoft.VisualStudio.QualityTools.Tips.UnitTest.Adapter, Version=10.0.0.0, Culture=neutral, PublicKeyToken=b03f5f7f11d50a3a" className="Project1.LadderTests, Project1VSTests, Version=1.0.0.0, Culture=neutral, PublicKeyToken=null" name="AddingGamesAutomaticallyAddsGameID" />
    </UnitTest>
    <UnitTest name="MoveUpLadderHighRankUpARung" storage="c:\personal\go\testproject1\project1vstests\bin\debug\project1vstests.dll" id="4d603034-9b20-4167-7863-d6342775eb94">
      <Execution id="d42acd4c-3611-4f87-a62c-d1ec3a4c6aa4" />
      <TestMethod codeBase="C:/Personal/Go/TestProject1/Project1VSTests/bin/Debug/Project1VSTests.DLL" adapterTypeName="Microsoft.VisualStudio.TestTools.TestTypes.Unit.UnitTestAdapter, Microsoft.VisualStudio.QualityTools.Tips.UnitTest.Adapter, Version=10.0.0.0, Culture=neutral, PublicKeyToken=b03f5f7f11d50a3a" className="Project1.RankTests, Project1VSTests, Version=1.0.0.0, Culture=neutral, PublicKeyToken=null" name="MoveUpLadderHighRankUpARung" />
    </UnitTest>
    <UnitTest name="MoveDownHighRankDownARung" storage="c:\personal\go\testproject1\project1vstests\bin\debug\project1vstests.dll" id="bed63836-32d0-838c-d496-ce4fc91f6c1f">
      <Execution id="690e6e71-2f36-4101-88f5-38807d29564a" />
      <TestMethod codeBase="C:/Personal/Go/TestProject1/Project1VSTests/bin/Debug/Project1VSTests.DLL" adapterTypeName="Microsoft.VisualStudio.TestTools.TestTypes.Unit.UnitTestAdapter, Microsoft.VisualStudio.QualityTools.Tips.UnitTest.Adapter, Version=10.0.0.0, Culture=neutral, PublicKeyToken=b03f5f7f11d50a3a" className="Project1.RankTests, Project1VSTests, Version=1.0.0.0, Culture=neutral, PublicKeyToken=null" name="MoveDownHighRankDownARung" />
    </UnitTest>
    <UnitTest name="MoveUpLadderLowRankUpARung" storage="c:\personal\go\testproject1\project1vstests\bin\debug\project1vstests.dll" id="b216a52f-2c4d-0364-703c-8d5add28730d">
      <Execution id="ff932f08-c178-460f-a2c8-d5946d716b5f" />
      <TestMethod codeBase="C:/Personal/Go/TestProject1/Project1VSTests/bin/Debug/Project1VSTests.DLL" adapterTypeName="Microsoft.VisualStudio.TestTools.TestTypes.Unit.UnitTestAdapter, Microsoft.VisualStudio.QualityTools.Tips.UnitTest.Adapter, Version=10.0.0.0, Culture=neutral, PublicKeyToken=b03f5f7f11d50a3a" className="Project1.RankTests, Project1VSTests, Version=1.0.0.0, Culture=neutral, PublicKeyToken=null" name="MoveUpLadderLowRankUpARung" />
    </UnitTest>
    <UnitTest name="GetAndSetResult" storage="c:\personal\go\testproject1\project1vstests\bin\debug\project1vstests.dll" id="c11181c1-a3ce-72fd-52a3-a05ed9a9e47c">
      <Execution id="984cd2c5-9d62-4a12-8615-a77c2572253e" />
      <TestMethod codeBase="C:/Personal/Go/TestProject1/Project1VSTests/bin/Debug/Project1VSTests.DLL" adapterTypeName="Microsoft.VisualStudio.TestTools.TestTypes.Unit.UnitTestAdapter, Microsoft.VisualStudio.QualityTools.Tips.UnitTest.Adapter, Version=10.0.0.0, Culture=neutral, PublicKeyToken=b03f5f7f11d50a3a" className="Project1.GameTests, Project1VSTests, Version=1.0.0.0, Culture=neutral, PublicKeyToken=null" name="GetAndSetResult" />
    </UnitTest>
    <UnitTest name="MoveUpLadderLowRankSameRung" storage="c:\personal\go\testproject1\project1vstests\bin\debug\project1vstests.dll" id="9f4bcc68-cea5-1bd3-1613-dab28d76f1f1">
      <Execution id="c55a1d35-9c08-4228-9230-a98359f89158" />
      <TestMethod codeBase="C:/Personal/Go/TestProject1/Project1VSTests/bin/Debug/Project1VSTests.DLL" adapterTypeName="Microsoft.VisualStudio.TestTools.TestTypes.Unit.UnitTestAdapter, Microsoft.VisualStudio.QualityTools.Tips.UnitTest.Adapter, Version=10.0.0.0, Culture=neutral, PublicKeyToken=b03f5f7f11d50a3a" className="Project1.RankTests, Project1VSTests, Version=1.0.0.0, Culture=neutral, PublicKeyToken=null" name="MoveUpLadderLowRankSameRung" />
    </UnitTest>
    <UnitTest name="DeletingMiddlePlayerInListKeepsOthers" storage="c:\personal\go\testproject1\project1vstests\bin\debug\project1vstests.dll" id="4728f28a-4d7d-4b7e-5fa3-82896872a9b7">
      <Execution id="a33af3d9-58bc-4ca1-972f-417e0715be98" />
      <TestMethod codeBase="C:/Personal/Go/TestProject1/Project1VSTests/bin/Debug/Project1VSTests.DLL" adapterTypeName="Microsoft.VisualStudio.TestTools.TestTypes.Unit.UnitTestAdapter, Microsoft.VisualStudio.QualityTools.Tips.UnitTest.Adapter, Version=10.0.0.0, Culture=neutral, PublicKeyToken=b03f5f7f11d50a3a" className="Project1.LadderTests, Project1VSTests, Version=1.0.0.0, Culture=neutral, PublicKeyToken=null" name="DeletingMiddlePlayerInListKeepsOthers" />
    </UnitTest>
    <UnitTest name="GetAndSetGameIDs" storage="c:\personal\go\testproject1\project1vstests\bin\debug\project1vstests.dll" id="95357a55-a90a-984e-1885-391e86c16de5">
      <Execution id="c5ace1bc-aece-41a7-a9a1-a670b7357ec3" />
      <TestMethod codeBase="C:/Personal/Go/TestProject1/Project1VSTests/bin/Debug/Project1VSTests.DLL" adapterTypeName="Microsoft.VisualStudio.TestTools.TestTypes.Unit.UnitTestAdapter, Microsoft.VisualStudio.QualityTools.Tips.UnitTest.Adapter, Version=10.0.0.0, Culture=neutral, PublicKeyToken=b03f5f7f11d50a3a" className="Project1.GameTests, Project1VSTests, Version=1.0.0.0, Culture=neutral, PublicKeyToken=null" name="GetAndSetGameIDs" />
    </UnitTest>
    <UnitTest name="MoveUpLadderHighRankSameRung" storage="c:\personal\go\testproject1\project1vstests\bin\debug\project1vstests.dll" id="d6c5c455-0200-0c5f-1ca0-f844ca7cc5e6">
      <Execution id="23df01d0-28c8-4d4b-86f0-118390c0fa8d" />
      <TestMethod codeBase="C:/Personal/Go/TestProject1/Project1VSTests/bin/Debug/Project1VSTests.DLL" adapterTypeName="Microsoft.VisualStudio.TestTools.TestTypes.Unit.UnitTestAdapter, Microsoft.VisualStudio.QualityTools.Tips.UnitTest.Adapter, Version=10.0.0.0, Culture=neutral, PublicKeyToken=b03f5f7f11d50a3a" className="Project1.RankTests, Project1VSTests, Version=1.0.0.0, Culture=neutral, PublicKeyToken=null" name="MoveUpLadderHighRankSameRung" />
    </UnitTest>
    <UnitTest name="SuccessfulAdditionOfPlayerReturnsTrue" storage="c:\personal\go\testproject1\project1vstests\bin\debug\project1vstests.dll" id="fd85e99d-a608-c68f-dc6c-26c250b86ddb">
      <Execution id="805f87c5-56e6-469c-9e51-3e8f10c8511b" />
      <TestMethod codeBase="C:/Personal/Go/TestProject1/Project1VSTests/bin/Debug/Project1VSTests.DLL" adapterTypeName="Microsoft.VisualStudio.TestTools.TestTypes.Unit.UnitTestAdapter, Microsoft.VisualStudio.QualityTools.Tips.UnitTest.Adapter, Version=10.0.0.0, Culture=neutral, PublicKeyToken=b03f5f7f11d50a3a" className="Project1.LadderTests, Project1VSTests, Version=1.0.0.0, Culture=neutral, PublicKeyToken=null" name="SuccessfulAdditionOfPlayerReturnsTrue" />
    </UnitTest>
    <UnitTest name="NumberOfPlayersIsZeroWhenLadderIsCreated" storage="c:\personal\go\testproject1\project1vstests\bin\debug\project1vstests.dll" id="d0c1f593-6311-123a-0e86-11e9e47b56f1">
      <Execution id="632b2a00-0d92-4946-81a0-3dadb488f527" />
      <TestMethod codeBase="C:/Personal/Go/TestProject1/Project1VSTests/bin/Debug/Project1VSTests.DLL" adapterTypeName="Microsoft.VisualStudio.TestTools.TestTypes.Unit.UnitTestAdapter, Microsoft.VisualStudio.QualityTools.Tips.UnitTest.Adapter, Version=10.0.0.0, Culture=neutral, PublicKeyToken=b03f5f7f11d50a3a" className="Project1.LadderTests, Project1VSTests, Version=1.0.0.0, Culture=neutral, PublicKeyToken=null" name="NumberOfPlayersIsZeroWhenLadderIsCreated" />
    </UnitTest>
    <UnitTest name="RemovePlayerDeletesPlayerFromList" storage="c:\personal\go\testproject1\project1vstests\bin\debug\project1vstests.dll" id="9d466d43-57e0-e13f-406f-a50d15eddf06">
      <Execution id="3c0c6efd-a2dd-4428-a252-795e0190b5e1" />
      <TestMethod codeBase="C:/Personal/Go/TestProject1/Project1VSTests/bin/Debug/Project1VSTests.DLL" adapterTypeName="Microsoft.VisualStudio.TestTools.TestTypes.Unit.UnitTestAdapter, Microsoft.VisualStudio.QualityTools.Tips.UnitTest.Adapter, Version=10.0.0.0, Culture=neutral, PublicKeyToken=b03f5f7f11d50a3a" className="Project1.LadderTests, Project1VSTests, Version=1.0.0.0, Culture=neutral, PublicKeyToken=null" name="RemovePlayerDeletesPlayerFromList" />
    </UnitTest>
    <UnitTest name="NewPlayerDefaultRungIsMiddleRung" storage="c:\personal\go\testproject1\project1vstests\bin\debug\project1vstests.dll" id="4c58c331-f849-3000-be35-14d9061a5823">
      <Execution id="201ed068-2645-4a87-a78c-19c7733ee456" />
      <TestMethod codeBase="C:/Personal/Go/TestProject1/Project1VSTests/bin/Debug/Project1VSTests.DLL" adapterTypeName="Microsoft.VisualStudio.TestTools.TestTypes.Unit.UnitTestAdapter, Microsoft.VisualStudio.QualityTools.Tips.UnitTest.Adapter, Version=10.0.0.0, Culture=neutral, PublicKeyToken=b03f5f7f11d50a3a" className="Project1.PlayerTests, Project1VSTests, Version=1.0.0.0, Culture=neutral, PublicKeyToken=null" name="NewPlayerDefaultRungIsMiddleRung" />
    </UnitTest>
    <UnitTest name="DefaultRankAndRungPositionForNoRank" storage="c:\personal\go\testproject1\project1vstests\bin\debug\project1vstests.dll" id="bc5bb353-beec-1029-110e-45d43b7d36de">
      <Execution id="6712e1cc-e4f5-40c2-8421-822e65893705" />
      <TestMethod codeBase="C:/Personal/Go/TestProject1/Project1VSTests/bin/Debug/Project1VSTests.DLL" adapterTypeName="Microsoft.VisualStudio.TestTools.TestTypes.Unit.UnitTestAdapter, Microsoft.VisualStudio.QualityTools.Tips.UnitTest.Adapter, Version=10.0.0.0, Culture=neutral, PublicKeyToken=b03f5f7f11d50a3a" className="Project1.RankTests, Project1VSTests, Version=1.0.0.0, Culture=neutral, PublicKeyToken=null" name="DefaultRankAndRungPositionForNoRank" />
    </UnitTest>
    <UnitTest name="DontMoveDownWhenAtBottomOfRank" storage="c:\personal\go\testproject1\project1vstests\bin\debug\project1vstests.dll" id="1e309648-fdb7-1ca9-2ccb-3341883b6e78">
      <Execution id="19ab7346-b968-4df5-bd48-75f0fe4546f6" />
      <TestMethod codeBase="C:/Personal/Go/TestProject1/Project1VSTests/bin/Debug/Project1VSTests.DLL" adapterTypeName="Microsoft.VisualStudio.TestTools.TestTypes.Unit.UnitTestAdapter, Microsoft.VisualStudio.QualityTools.Tips.UnitTest.Adapter, Version=10.0.0.0, Culture=neutral, PublicKeyToken=b03f5f7f11d50a3a" className="Project1.RankTests, Project1VSTests, Version=1.0.0.0, Culture=neutral, PublicKeyToken=null" name="DontMoveDownWhenAtBottomOfRank" />
    </UnitTest>
    <UnitTest name="SetNewPlayerThroughConstructor" storage="c:\personal\go\testproject1\project1vstests\bin\debug\project1vstests.dll" id="b9a76c99-9145-d3be-9648-207ab5a64d1d">
      <Execution id="85138fab-2450-4843-adc2-f5885c752fee" />
      <TestMethod codeBase="C:/Personal/Go/TestProject1/Project1VSTests/bin/Debug/Project1VSTests.DLL" adapterTypeName="Microsoft.VisualStudio.TestTools.TestTypes.Unit.UnitTestAdapter, Microsoft.VisualStudio.QualityTools.Tips.UnitTest.Adapter, Version=10.0.0.0, Culture=neutral, PublicKeyToken=b03f5f7f11d50a3a" className="Project1.PlayerTests, Project1VSTests, Version=1.0.0.0, Culture=neutral, PublicKeyToken=null" name="SetNewPlayerThroughConstructor" />
    </UnitTest>
    <UnitTest name="NewPlayerDefaultRankIsThirtySixKyu" storage="c:\personal\go\testproject1\project1vstests\bin\debug\project1vstests.dll" id="e1e7dca0-9e9e-6051-146d-d722cd8342c2">
      <Execution id="b66d7033-8591-46a8-a4c7-97bfe2381dcd" />
      <TestMethod codeBase="C:/Personal/Go/TestProject1/Project1VSTests/bin/Debug/Project1VSTests.DLL" adapterTypeName="Microsoft.VisualStudio.TestTools.TestTypes.Unit.UnitTestAdapter, Microsoft.VisualStudio.QualityTools.Tips.UnitTest.Adapter, Version=10.0.0.0, Culture=neutral, PublicKeyToken=b03f5f7f11d50a3a" className="Project1.PlayerTests, Project1VSTests, Version=1.0.0.0, Culture=neutral, PublicKeyToken=null" name="NewPlayerDefaultRankIsThirtySixKyu" />
    </UnitTest>
    <UnitTest name="FindMultiplePlayersFromListWithSameRank" storage="c:\personal\go\testproject1\project1vstests\bin\debug\project1vstests.dll" id="600ddbfa-ef02-6d8c-d2c3-758d98370518">
      <Execution id="862bde0c-894e-4e46-85ec-81a08b61f7ca" />
      <TestMethod codeBase="C:/Personal/Go/TestProject1/Project1VSTests/bin/Debug/Project1VSTests.DLL" adapterTypeName="Microsoft.VisualStudio.TestTools.TestTypes.Unit.UnitTestAdapter, Microsoft.VisualStudio.QualityTools.Tips.UnitTest.Adapter, Version=10.0.0.0, Culture=neutral, PublicKeyToken=b03f5f7f11d50a3a" className="Project1.LadderTests, Project1VSTests, Version=1.0.0.0, Culture=neutral, PublicKeyToken=null" name="FindMultiplePlayersFromListWithSameRank" />
    </UnitTest>
    <UnitTest name="AddPlayerToEmptyList" storage="c:\personal\go\testproject1\project1vstests\bin\debug\project1vstests.dll" id="9c7cd945-ae56-70d6-75ed-6d2cb2527a98">
      <Execution id="7a83e752-c04c-4ef3-b4b9-59e5fe18601d" />
      <TestMethod codeBase="C:/Personal/Go/TestProject1/Project1VSTests/bin/Debug/Project1VSTests.DLL" adapterTypeName="Microsoft.VisualStudio.TestTools.TestTypes.Unit.UnitTestAdapter, Microsoft.VisualStudio.QualityTools.Tips.UnitTest.Adapter, Version=10.0.0.0, Culture=neutral, PublicKeyToken=b03f5f7f11d50a3a" className="Project1.LadderTests, Project1VSTests, Version=1.0.0.0, Culture=neutral, PublicKeyToken=null" name="AddPlayerToEmptyList" />
    </UnitTest>
    <UnitTest name="GetAndSetKome" storage="c:\personal\go\testproject1\project1vstests\bin\debug\project1vstests.dll" id="cfdd0afd-a0ff-6599-daed-2d0922d73600">
      <Execution id="ff2cbe2b-7336-4811-85de-fbe8292dc554" />
      <TestMethod codeBase="C:/Personal/Go/TestProject1/Project1VSTests/bin/Debug/Project1VSTests.DLL" adapterTypeName="Microsoft.VisualStudio.TestTools.TestTypes.Unit.UnitTestAdapter, Microsoft.VisualStudio.QualityTools.Tips.UnitTest.Adapter, Version=10.0.0.0, Culture=neutral, PublicKeyToken=b03f5f7f11d50a3a" className="Project1.GameTests, Project1VSTests, Version=1.0.0.0, Culture=neutral, PublicKeyToken=null" name="GetAndSetKome" />
    </UnitTest>
    <UnitTest name="SetAndGetPlayerName" storage="c:\personal\go\testproject1\project1vstests\bin\debug\project1vstests.dll" id="67059977-9af9-0f9c-579a-97c264c1fea9">
      <Execution id="f2579867-02cd-4f3c-a19e-bc569fe25d82" />
      <TestMethod codeBase="C:/Personal/Go/TestProject1/Project1VSTests/bin/Debug/Project1VSTests.DLL" adapterTypeName="Microsoft.VisualStudio.TestTools.TestTypes.Unit.UnitTestAdapter, Microsoft.VisualStudio.QualityTools.Tips.UnitTest.Adapter, Version=10.0.0.0, Culture=neutral, PublicKeyToken=b03f5f7f11d50a3a" className="Project1.PlayerTests, Project1VSTests, Version=1.0.0.0, Culture=neutral, PublicKeyToken=null" name="SetAndGetPlayerName" />
    </UnitTest>
    <UnitTest name="SetAndGetRankNumber" storage="c:\personal\go\testproject1\project1vstests\bin\debug\project1vstests.dll" id="d773416e-fef5-3b6e-144e-948cb8ea0d98">
      <Execution id="05f4a838-d03c-44e2-ae8a-60c8084a8a33" />
      <TestMethod codeBase="C:/Personal/Go/TestProject1/Project1VSTests/bin/Debug/Project1VSTests.DLL" adapterTypeName="Microsoft.VisualStudio.TestTools.TestTypes.Unit.UnitTestAdapter, Microsoft.VisualStudio.QualityTools.Tips.UnitTest.Adapter, Version=10.0.0.0, Culture=neutral, PublicKeyToken=b03f5f7f11d50a3a" className="Project1.RankTests, Project1VSTests, Version=1.0.0.0, Culture=neutral, PublicKeyToken=null" name="SetAndGetRankNumber" />
    </UnitTest>
    <UnitTest name="SetAndGetRungPosition" storage="c:\personal\go\testproject1\project1vstests\bin\debug\project1vstests.dll" id="905be7a8-7e05-39eb-8812-44a945cef830">
      <Execution id="967ad028-92a4-4fb4-98e1-c59f7ab6d5f9" />
      <TestMethod codeBase="C:/Personal/Go/TestProject1/Project1VSTests/bin/Debug/Project1VSTests.DLL" adapterTypeName="Microsoft.VisualStudio.TestTools.TestTypes.Unit.UnitTestAdapter, Microsoft.VisualStudio.QualityTools.Tips.UnitTest.Adapter, Version=10.0.0.0, Culture=neutral, PublicKeyToken=b03f5f7f11d50a3a" className="Project1.RankTests, Project1VSTests, Version=1.0.0.0, Culture=neutral, PublicKeyToken=null" name="SetAndGetRungPosition" />
    </UnitTest>
    <UnitTest name="MoveDownLowRankSameRung" storage="c:\personal\go\testproject1\project1vstests\bin\debug\project1vstests.dll" id="ae891c73-20d7-5d76-f328-312bfa18c043">
      <Execution id="5160043f-792e-491b-8133-b557a08af195" />
      <TestMethod codeBase="C:/Personal/Go/TestProject1/Project1VSTests/bin/Debug/Project1VSTests.DLL" adapterTypeName="Microsoft.VisualStudio.TestTools.TestTypes.Unit.UnitTestAdapter, Microsoft.VisualStudio.QualityTools.Tips.UnitTest.Adapter, Version=10.0.0.0, Culture=neutral, PublicKeyToken=b03f5f7f11d50a3a" className="Project1.RankTests, Project1VSTests, Version=1.0.0.0, Culture=neutral, PublicKeyToken=null" name="MoveDownLowRankSameRung" />
    </UnitTest>
    <UnitTest name="AddingGamesIncreasesTheCounter" storage="c:\personal\go\testproject1\project1vstests\bin\debug\project1vstests.dll" id="f42d09ae-52a3-200f-0901-bbee3d444db0">
      <Execution id="cbf19db7-0d76-4f85-ad13-e40577b30272" />
      <TestMethod codeBase="C:/Personal/Go/TestProject1/Project1VSTests/bin/Debug/Project1VSTests.DLL" adapterTypeName="Microsoft.VisualStudio.TestTools.TestTypes.Unit.UnitTestAdapter, Microsoft.VisualStudio.QualityTools.Tips.UnitTest.Adapter, Version=10.0.0.0, Culture=neutral, PublicKeyToken=b03f5f7f11d50a3a" className="Project1.LadderTests, Project1VSTests, Version=1.0.0.0, Culture=neutral, PublicKeyToken=null" name="AddingGamesIncreasesTheCounter" />
    </UnitTest>
    <UnitTest name="GetAndSetPlayerIDs" storage="c:\personal\go\testproject1\project1vstests\bin\debug\project1vstests.dll" id="1f0fbcf2-6581-ef86-a08f-6fd33cfce2ec">
      <Execution id="61e416c5-f2d2-42e9-a778-94b59a14bd3d" />
      <TestMethod codeBase="C:/Personal/Go/TestProject1/Project1VSTests/bin/Debug/Project1VSTests.DLL" adapterTypeName="Microsoft.VisualStudio.TestTools.TestTypes.Unit.UnitTestAdapter, Microsoft.VisualStudio.QualityTools.Tips.UnitTest.Adapter, Version=10.0.0.0, Culture=neutral, PublicKeyToken=b03f5f7f11d50a3a" className="Project1.GameTests, Project1VSTests, Version=1.0.0.0, Culture=neutral, PublicKeyToken=null" name="GetAndSetPlayerIDs" />
    </UnitTest>
    <UnitTest name="MoveDownLowRankDownARung" storage="c:\personal\go\testproject1\project1vstests\bin\debug\project1vstests.dll" id="4f9e1d56-3488-73dc-57ff-29733bf87e53">
      <Execution id="d29732e1-df49-42cd-a423-3c5e2713639a" />
      <TestMethod codeBase="C:/Personal/Go/TestProject1/Project1VSTests/bin/Debug/Project1VSTests.DLL" adapterTypeName="Microsoft.VisualStudio.TestTools.TestTypes.Unit.UnitTestAdapter, Microsoft.VisualStudio.QualityTools.Tips.UnitTest.Adapter, Version=10.0.0.0, Culture=neutral, PublicKeyToken=b03f5f7f11d50a3a" className="Project1.RankTests, Project1VSTests, Version=1.0.0.0, Culture=neutral, PublicKeyToken=null" name="MoveDownLowRankDownARung" />
    </UnitTest>
    <UnitTest name="MoveUpLadderMiddleRankSameRung" storage="c:\personal\go\testproject1\project1vstests\bin\debug\project1vstests.dll" id="c742a09f-f8a7-bcd1-20b1-7943bfc33032">
      <Execution id="fae7d220-19bb-4db8-9967-af84abf17517" />
      <TestMethod codeBase="C:/Personal/Go/TestProject1/Project1VSTests/bin/Debug/Project1VSTests.DLL" adapterTypeName="Microsoft.VisualStudio.TestTools.TestTypes.Unit.UnitTestAdapter, Microsoft.VisualStudio.QualityTools.Tips.UnitTest.Adapter, Version=10.0.0.0, Culture=neutral, PublicKeyToken=b03f5f7f11d50a3a" className="Project1.RankTests, Project1VSTests, Version=1.0.0.0, Culture=neutral, PublicKeyToken=null" name="MoveUpLadderMiddleRankSameRung" />
    </UnitTest>
    <UnitTest name="SetRankThroughConstructor" storage="c:\personal\go\testproject1\project1vstests\bin\debug\project1vstests.dll" id="e4bdd4dc-077a-bfcc-95b9-34c52cea8f78">
      <Execution id="93a76510-e78e-495a-b9b5-c65c9acb0e3c" />
      <TestMethod codeBase="C:/Personal/Go/TestProject1/Project1VSTests/bin/Debug/Project1VSTests.DLL" adapterTypeName="Microsoft.VisualStudio.TestTools.TestTypes.Unit.UnitTestAdapter, Microsoft.VisualStudio.QualityTools.Tips.UnitTest.Adapter, Version=10.0.0.0, Culture=neutral, PublicKeyToken=b03f5f7f11d50a3a" className="Project1.RankTests, Project1VSTests, Version=1.0.0.0, Culture=neutral, PublicKeyToken=null" name="SetRankThroughConstructor" />
    </UnitTest>
    <UnitTest name="GetPlayerList" storage="c:\personal\go\testproject1\project1vstests\bin\debug\project1vstests.dll" id="dcdeb500-633d-bf44-5247-029b959a498e">
      <Execution id="9c03ddcd-aac1-41c1-b832-7bd7ed69a74c" />
      <TestMethod codeBase="C:/Personal/Go/TestProject1/Project1VSTests/bin/Debug/Project1VSTests.DLL" adapterTypeName="Microsoft.VisualStudio.TestTools.TestTypes.Unit.UnitTestAdapter, Microsoft.VisualStudio.QualityTools.Tips.UnitTest.Adapter, Version=10.0.0.0, Culture=neutral, PublicKeyToken=b03f5f7f11d50a3a" className="Project1.LadderTests, Project1VSTests, Version=1.0.0.0, Culture=neutral, PublicKeyToken=null" name="GetPlayerList" />
    </UnitTest>
    <UnitTest name="GetAndSetGameDetailsThroughConstructor" storage="c:\personal\go\testproject1\project1vstests\bin\debug\project1vstests.dll" id="cd222bde-05e0-66f9-2698-02ea106ea06e">
      <Execution id="ed7bf77d-62c0-40f9-be10-806d58e416a5" />
      <TestMethod codeBase="C:/Personal/Go/TestProject1/Project1VSTests/bin/Debug/Project1VSTests.DLL" adapterTypeName="Microsoft.VisualStudio.TestTools.TestTypes.Unit.UnitTestAdapter, Microsoft.VisualStudio.QualityTools.Tips.UnitTest.Adapter, Version=10.0.0.0, Culture=neutral, PublicKeyToken=b03f5f7f11d50a3a" className="Project1.GameTests, Project1VSTests, Version=1.0.0.0, Culture=neutral, PublicKeyToken=null" name="GetAndSetGameDetailsThroughConstructor" />
    </UnitTest>
    <UnitTest name="TestMethod1" storage="c:\personal\go\testproject1\project1vstests\bin\debug\project1vstests.dll" id="a196d2db-b595-47e8-0f85-ff9cf91d15cd">
      <Execution id="e7ca8c87-37f3-48f5-9e96-8ee12b92ceaf" />
      <TestMethod codeBase="C:/Personal/Go/TestProject1/Project1VSTests/bin/Debug/Project1VSTests.DLL" adapterTypeName="Microsoft.VisualStudio.TestTools.TestTypes.Unit.UnitTestAdapter, Microsoft.VisualStudio.QualityTools.Tips.UnitTest.Adapter, Version=10.0.0.0, Culture=neutral, PublicKeyToken=b03f5f7f11d50a3a" className="Project1VSTests.UnitTest1, Project1VSTests, Version=1.0.0.0, Culture=neutral, PublicKeyToken=null" name="TestMethod1" />
    </UnitTest>
    <UnitTest name="SetRankAndRungThroughConstructor" storage="c:\personal\go\testproject1\project1vstests\bin\debug\project1vstests.dll" id="696749bd-8b0e-3c67-b880-8439a4e40a03">
      <Execution id="81ba0939-11f7-4539-914c-6c1f3f451576" />
      <TestMethod codeBase="C:/Personal/Go/TestProject1/Project1VSTests/bin/Debug/Project1VSTests.DLL" adapterTypeName="Microsoft.VisualStudio.TestTools.TestTypes.Unit.UnitTestAdapter, Microsoft.VisualStudio.QualityTools.Tips.UnitTest.Adapter, Version=10.0.0.0, Culture=neutral, PublicKeyToken=b03f5f7f11d50a3a" className="Project1.RankTests, Project1VSTests, Version=1.0.0.0, Culture=neutral, PublicKeyToken=null" name="SetRankAndRungThroughConstructor" />
    </UnitTest>
    <UnitTest name="FindPlayerFromListWithRank" storage="c:\personal\go\testproject1\project1vstests\bin\debug\project1vstests.dll" id="a24bee60-f458-a544-3227-7790753b1431">
      <Execution id="71ff4f35-bf8d-4dd3-b7fe-05e2e93b8877" />
      <TestMethod codeBase="C:/Personal/Go/TestProject1/Project1VSTests/bin/Debug/Project1VSTests.DLL" adapterTypeName="Microsoft.VisualStudio.TestTools.TestTypes.Unit.UnitTestAdapter, Microsoft.VisualStudio.QualityTools.Tips.UnitTest.Adapter, Version=10.0.0.0, Culture=neutral, PublicKeyToken=b03f5f7f11d50a3a" className="Project1.LadderTests, Project1VSTests, Version=1.0.0.0, Culture=neutral, PublicKeyToken=null" name="FindPlayerFromListWithRank" />
    </UnitTest>
    <UnitTest name="MoveDownHighRankSameRung" storage="c:\personal\go\testproject1\project1vstests\bin\debug\project1vstests.dll" id="c49ee672-b73a-bc6c-ef5b-ba89f980a4ad">
      <Execution id="aef02956-e164-4561-82c6-6f7d4b6a0e71" />
      <TestMethod codeBase="C:/Personal/Go/TestProject1/Project1VSTests/bin/Debug/Project1VSTests.DLL" adapterTypeName="Microsoft.VisualStudio.TestTools.TestTypes.Unit.UnitTestAdapter, Microsoft.VisualStudio.QualityTools.Tips.UnitTest.Adapter, Version=10.0.0.0, Culture=neutral, PublicKeyToken=b03f5f7f11d50a3a" className="Project1.RankTests, Project1VSTests, Version=1.0.0.0, Culture=neutral, PublicKeyToken=null" name="MoveDownHighRankSameRung" />
    </UnitTest>
    <UnitTest name="MoveDownMidRankDownARung" storage="c:\personal\go\testproject1\project1vstests\bin\debug\project1vstests.dll" id="bae7745a-4345-aa97-8f60-00319ccaf741">
      <Execution id="59eb9805-4b5c-4ec3-a27d-ba4bb37c7a26" />
      <TestMethod codeBase="C:/Personal/Go/TestProject1/Project1VSTests/bin/Debug/Project1VSTests.DLL" adapterTypeName="Microsoft.VisualStudio.TestTools.TestTypes.Unit.UnitTestAdapter, Microsoft.VisualStudio.QualityTools.Tips.UnitTest.Adapter, Version=10.0.0.0, Culture=neutral, PublicKeyToken=b03f5f7f11d50a3a" className="Project1.RankTests, Project1VSTests, Version=1.0.0.0, Culture=neutral, PublicKeyToken=null" name="MoveDownMidRankDownARung" />
    </UnitTest>
    <UnitTest name="DontMoveUpLadderMaxRankAndRung" storage="c:\personal\go\testproject1\project1vstests\bin\debug\project1vstests.dll" id="707c250f-7066-876a-084e-a2f9385e4478">
      <Execution id="5e444e14-8386-422b-98e0-830241a9c94e" />
      <TestMethod codeBase="C:/Personal/Go/TestProject1/Project1VSTests/bin/Debug/Project1VSTests.DLL" adapterTypeName="Microsoft.VisualStudio.TestTools.TestTypes.Unit.UnitTestAdapter, Microsoft.VisualStudio.QualityTools.Tips.UnitTest.Adapter, Version=10.0.0.0, Culture=neutral, PublicKeyToken=b03f5f7f11d50a3a" className="Project1.RankTests, Project1VSTests, Version=1.0.0.0, Culture=neutral, PublicKeyToken=null" name="DontMoveUpLadderMaxRankAndRung" />
    </UnitTest>
    <UnitTest name="NewLadderHasNoGames" storage="c:\personal\go\testproject1\project1vstests\bin\debug\project1vstests.dll" id="7a3046a4-7408-bf7f-c22c-0609c577acfc">
      <Execution id="875cb0ad-f418-43e6-b426-f7b431ac45d8" />
      <TestMethod codeBase="C:/Personal/Go/TestProject1/Project1VSTests/bin/Debug/Project1VSTests.DLL" adapterTypeName="Microsoft.VisualStudio.TestTools.TestTypes.Unit.UnitTestAdapter, Microsoft.VisualStudio.QualityTools.Tips.UnitTest.Adapter, Version=10.0.0.0, Culture=neutral, PublicKeyToken=b03f5f7f11d50a3a" className="Project1.LadderTests, Project1VSTests, Version=1.0.0.0, Culture=neutral, PublicKeyToken=null" name="NewLadderHasNoGames" />
    </UnitTest>
    <UnitTest name="GetNameofLastPlayerInList" storage="c:\personal\go\testproject1\project1vstests\bin\debug\project1vstests.dll" id="df81cc9e-0f81-56b6-437b-3ea19bc5fcee">
      <Execution id="a12cce5f-26b6-4d8b-b8eb-f7cd2ff5338b" />
      <TestMethod codeBase="C:/Personal/Go/TestProject1/Project1VSTests/bin/Debug/Project1VSTests.DLL" adapterTypeName="Microsoft.VisualStudio.TestTools.TestTypes.Unit.UnitTestAdapter, Microsoft.VisualStudio.QualityTools.Tips.UnitTest.Adapter, Version=10.0.0.0, Culture=neutral, PublicKeyToken=b03f5f7f11d50a3a" className="Project1.LadderTests, Project1VSTests, Version=1.0.0.0, Culture=neutral, PublicKeyToken=null" name="GetNameofLastPlayerInList" />
    </UnitTest>
    <UnitTest name="SetAndGetPlayerID" storage="c:\personal\go\testproject1\project1vstests\bin\debug\project1vstests.dll" id="2a5a8da3-8c92-50ab-0864-63a216de8ddd">
      <Execution id="1d7ab458-6f20-4037-a9d9-7b2964232a13" />
      <TestMethod codeBase="C:/Personal/Go/TestProject1/Project1VSTests/bin/Debug/Project1VSTests.DLL" adapterTypeName="Microsoft.VisualStudio.TestTools.TestTypes.Unit.UnitTestAdapter, Microsoft.VisualStudio.QualityTools.Tips.UnitTest.Adapter, Version=10.0.0.0, Culture=neutral, PublicKeyToken=b03f5f7f11d50a3a" className="Project1.PlayerTests, Project1VSTests, Version=1.0.0.0, Culture=neutral, PublicKeyToken=null" name="SetAndGetPlayerID" />
    </UnitTest>
    <UnitTest name="DeletingLastPlayerInListAndAddingPlayerAfterwards" storage="c:\personal\go\testproject1\project1vstests\bin\debug\project1vstests.dll" id="4725964d-137f-9e85-7745-acc949cbd904">
      <Execution id="96d42957-8f3d-490a-aeb8-fd789708a9b0" />
      <TestMethod codeBase="C:/Personal/Go/TestProject1/Project1VSTests/bin/Debug/Project1VSTests.DLL" adapterTypeName="Microsoft.VisualStudio.TestTools.TestTypes.Unit.UnitTestAdapter, Microsoft.VisualStudio.QualityTools.Tips.UnitTest.Adapter, Version=10.0.0.0, Culture=neutral, PublicKeyToken=b03f5f7f11d50a3a" className="Project1.LadderTests, Project1VSTests, Version=1.0.0.0, Culture=neutral, PublicKeyToken=null" name="DeletingLastPlayerInListAndAddingPlayerAfterwards" />
    </UnitTest>
    <UnitTest name="MoveDownMidRankSameRung" storage="c:\personal\go\testproject1\project1vstests\bin\debug\project1vstests.dll" id="f8c40a45-ee90-819c-6717-2648ff00657f">
      <Execution id="c0e61321-ed0a-4988-9c83-01381f0d0c6f" />
      <TestMethod codeBase="C:/Personal/Go/TestProject1/Project1VSTests/bin/Debug/Project1VSTests.DLL" adapterTypeName="Microsoft.VisualStudio.TestTools.TestTypes.Unit.UnitTestAdapter, Microsoft.VisualStudio.QualityTools.Tips.UnitTest.Adapter, Version=10.0.0.0, Culture=neutral, PublicKeyToken=b03f5f7f11d50a3a" className="Project1.RankTests, Project1VSTests, Version=1.0.0.0, Culture=neutral, PublicKeyToken=null" name="MoveDownMidRankSameRung" />
    </UnitTest>
    <UnitTest name="MoveUpLadderMiddleRankUpARung" storage="c:\personal\go\testproject1\project1vstests\bin\debug\project1vstests.dll" id="b30a6818-dbc9-f1df-a7b3-fa7d73c7249e">
      <Execution id="1977a81a-dbc0-446b-8473-e8fe53cc7339" />
      <TestMethod codeBase="C:/Personal/Go/TestProject1/Project1VSTests/bin/Debug/Project1VSTests.DLL" adapterTypeName="Microsoft.VisualStudio.TestTools.TestTypes.Unit.UnitTestAdapter, Microsoft.VisualStudio.QualityTools.Tips.UnitTest.Adapter, Version=10.0.0.0, Culture=neutral, PublicKeyToken=b03f5f7f11d50a3a" className="Project1.RankTests, Project1VSTests, Version=1.0.0.0, Culture=neutral, PublicKeyToken=null" name="MoveUpLadderMiddleRankUpARung" />
    </UnitTest>
  </TestDefinitions>
  <TestLists>
    <TestList name="Results Not in a List" id="8c84fa94-04c1-424b-9868-57a2d4851a1d" />
    <TestList name="All Loaded Results" id="19431567-8539-422a-85d7-44ee4e166bda" />
  </TestLists>
  <TestEntries>
    <TestEntry testId="a196d2db-b595-47e8-0f85-ff9cf91d15cd" executionId="e7ca8c87-37f3-48f5-9e96-8ee12b92ceaf" testListId="8c84fa94-04c1-424b-9868-57a2d4851a1d" />
    <TestEntry testId="1f0fbcf2-6581-ef86-a08f-6fd33cfce2ec" executionId="61e416c5-f2d2-42e9-a778-94b59a14bd3d" testListId="8c84fa94-04c1-424b-9868-57a2d4851a1d" />
    <TestEntry testId="95357a55-a90a-984e-1885-391e86c16de5" executionId="c5ace1bc-aece-41a7-a9a1-a670b7357ec3" testListId="8c84fa94-04c1-424b-9868-57a2d4851a1d" />
    <TestEntry testId="c11181c1-a3ce-72fd-52a3-a05ed9a9e47c" executionId="984cd2c5-9d62-4a12-8615-a77c2572253e" testListId="8c84fa94-04c1-424b-9868-57a2d4851a1d" />
    <TestEntry testId="cfdd0afd-a0ff-6599-daed-2d0922d73600" executionId="ff2cbe2b-7336-4811-85de-fbe8292dc554" testListId="8c84fa94-04c1-424b-9868-57a2d4851a1d" />
    <TestEntry testId="cd222bde-05e0-66f9-2698-02ea106ea06e" executionId="ed7bf77d-62c0-40f9-be10-806d58e416a5" testListId="8c84fa94-04c1-424b-9868-57a2d4851a1d" />
    <TestEntry testId="d0c1f593-6311-123a-0e86-11e9e47b56f1" executionId="632b2a00-0d92-4946-81a0-3dadb488f527" testListId="8c84fa94-04c1-424b-9868-57a2d4851a1d" />
    <TestEntry testId="9c7cd945-ae56-70d6-75ed-6d2cb2527a98" executionId="7a83e752-c04c-4ef3-b4b9-59e5fe18601d" testListId="8c84fa94-04c1-424b-9868-57a2d4851a1d" />
    <TestEntry testId="dcdeb500-633d-bf44-5247-029b959a498e" executionId="9c03ddcd-aac1-41c1-b832-7bd7ed69a74c" testListId="8c84fa94-04c1-424b-9868-57a2d4851a1d" />
    <TestEntry testId="bf2d210f-499d-db34-fdc7-38401fadd68c" executionId="49fb298f-5b63-4729-8dd7-7f19c81dcca6" testListId="8c84fa94-04c1-424b-9868-57a2d4851a1d" />
    <TestEntry testId="df81cc9e-0f81-56b6-437b-3ea19bc5fcee" executionId="a12cce5f-26b6-4d8b-b8eb-f7cd2ff5338b" testListId="8c84fa94-04c1-424b-9868-57a2d4851a1d" />
    <TestEntry testId="fd85e99d-a608-c68f-dc6c-26c250b86ddb" executionId="805f87c5-56e6-469c-9e51-3e8f10c8511b" testListId="8c84fa94-04c1-424b-9868-57a2d4851a1d" />
    <TestEntry testId="9d466d43-57e0-e13f-406f-a50d15eddf06" executionId="3c0c6efd-a2dd-4428-a252-795e0190b5e1" testListId="8c84fa94-04c1-424b-9868-57a2d4851a1d" />
    <TestEntry testId="63417751-7623-be38-a4d3-37490ad4706f" executionId="ba426d79-7ce3-4bbf-962c-20f2bca3e8fa" testListId="8c84fa94-04c1-424b-9868-57a2d4851a1d" />
    <TestEntry testId="a24bee60-f458-a544-3227-7790753b1431" executionId="71ff4f35-bf8d-4dd3-b7fe-05e2e93b8877" testListId="8c84fa94-04c1-424b-9868-57a2d4851a1d" />
    <TestEntry testId="600ddbfa-ef02-6d8c-d2c3-758d98370518" executionId="862bde0c-894e-4e46-85ec-81a08b61f7ca" testListId="8c84fa94-04c1-424b-9868-57a2d4851a1d" />
    <TestEntry testId="4728f28a-4d7d-4b7e-5fa3-82896872a9b7" executionId="a33af3d9-58bc-4ca1-972f-417e0715be98" testListId="8c84fa94-04c1-424b-9868-57a2d4851a1d" />
    <TestEntry testId="4725964d-137f-9e85-7745-acc949cbd904" executionId="96d42957-8f3d-490a-aeb8-fd789708a9b0" testListId="8c84fa94-04c1-424b-9868-57a2d4851a1d" />
    <TestEntry testId="7a3046a4-7408-bf7f-c22c-0609c577acfc" executionId="875cb0ad-f418-43e6-b426-f7b431ac45d8" testListId="8c84fa94-04c1-424b-9868-57a2d4851a1d" />
    <TestEntry testId="f42d09ae-52a3-200f-0901-bbee3d444db0" executionId="cbf19db7-0d76-4f85-ad13-e40577b30272" testListId="8c84fa94-04c1-424b-9868-57a2d4851a1d" />
    <TestEntry testId="c8c2dc19-5f39-1c20-c766-3762219651c1" executionId="603c873b-8190-4059-afb4-fe7cf69b3180" testListId="8c84fa94-04c1-424b-9868-57a2d4851a1d" />
    <TestEntry testId="67059977-9af9-0f9c-579a-97c264c1fea9" executionId="f2579867-02cd-4f3c-a19e-bc569fe25d82" testListId="8c84fa94-04c1-424b-9868-57a2d4851a1d" />
    <TestEntry testId="2a5a8da3-8c92-50ab-0864-63a216de8ddd" executionId="1d7ab458-6f20-4037-a9d9-7b2964232a13" testListId="8c84fa94-04c1-424b-9868-57a2d4851a1d" />
    <TestEntry testId="e1e7dca0-9e9e-6051-146d-d722cd8342c2" executionId="b66d7033-8591-46a8-a4c7-97bfe2381dcd" testListId="8c84fa94-04c1-424b-9868-57a2d4851a1d" />
    <TestEntry testId="4c58c331-f849-3000-be35-14d9061a5823" executionId="201ed068-2645-4a87-a78c-19c7733ee456" testListId="8c84fa94-04c1-424b-9868-57a2d4851a1d" />
    <TestEntry testId="b9a76c99-9145-d3be-9648-207ab5a64d1d" executionId="85138fab-2450-4843-adc2-f5885c752fee" testListId="8c84fa94-04c1-424b-9868-57a2d4851a1d" />
    <TestEntry testId="d773416e-fef5-3b6e-144e-948cb8ea0d98" executionId="05f4a838-d03c-44e2-ae8a-60c8084a8a33" testListId="8c84fa94-04c1-424b-9868-57a2d4851a1d" />
    <TestEntry testId="905be7a8-7e05-39eb-8812-44a945cef830" executionId="967ad028-92a4-4fb4-98e1-c59f7ab6d5f9" testListId="8c84fa94-04c1-424b-9868-57a2d4851a1d" />
    <TestEntry testId="bc5bb353-beec-1029-110e-45d43b7d36de" executionId="6712e1cc-e4f5-40c2-8421-822e65893705" testListId="8c84fa94-04c1-424b-9868-57a2d4851a1d" />
    <TestEntry testId="e4bdd4dc-077a-bfcc-95b9-34c52cea8f78" executionId="93a76510-e78e-495a-b9b5-c65c9acb0e3c" testListId="8c84fa94-04c1-424b-9868-57a2d4851a1d" />
    <TestEntry testId="696749bd-8b0e-3c67-b880-8439a4e40a03" executionId="81ba0939-11f7-4539-914c-6c1f3f451576" testListId="8c84fa94-04c1-424b-9868-57a2d4851a1d" />
    <TestEntry testId="9f4bcc68-cea5-1bd3-1613-dab28d76f1f1" executionId="c55a1d35-9c08-4228-9230-a98359f89158" testListId="8c84fa94-04c1-424b-9868-57a2d4851a1d" />
    <TestEntry testId="b216a52f-2c4d-0364-703c-8d5add28730d" executionId="ff932f08-c178-460f-a2c8-d5946d716b5f" testListId="8c84fa94-04c1-424b-9868-57a2d4851a1d" />
    <TestEntry testId="b30a6818-dbc9-f1df-a7b3-fa7d73c7249e" executionId="1977a81a-dbc0-446b-8473-e8fe53cc7339" testListId="8c84fa94-04c1-424b-9868-57a2d4851a1d" />
    <TestEntry testId="c742a09f-f8a7-bcd1-20b1-7943bfc33032" executionId="fae7d220-19bb-4db8-9967-af84abf17517" testListId="8c84fa94-04c1-424b-9868-57a2d4851a1d" />
    <TestEntry testId="4d603034-9b20-4167-7863-d6342775eb94" executionId="d42acd4c-3611-4f87-a62c-d1ec3a4c6aa4" testListId="8c84fa94-04c1-424b-9868-57a2d4851a1d" />
    <TestEntry testId="d6c5c455-0200-0c5f-1ca0-f844ca7cc5e6" executionId="23df01d0-28c8-4d4b-86f0-118390c0fa8d" testListId="8c84fa94-04c1-424b-9868-57a2d4851a1d" />
    <TestEntry testId="707c250f-7066-876a-084e-a2f9385e4478" executionId="5e444e14-8386-422b-98e0-830241a9c94e" testListId="8c84fa94-04c1-424b-9868-57a2d4851a1d" />
    <TestEntry testId="ae891c73-20d7-5d76-f328-312bfa18c043" executionId="5160043f-792e-491b-8133-b557a08af195" testListId="8c84fa94-04c1-424b-9868-57a2d4851a1d" />
    <TestEntry testId="4f9e1d56-3488-73dc-57ff-29733bf87e53" executionId="d29732e1-df49-42cd-a423-3c5e2713639a" testListId="8c84fa94-04c1-424b-9868-57a2d4851a1d" />
    <TestEntry testId="f8c40a45-ee90-819c-6717-2648ff00657f" executionId="c0e61321-ed0a-4988-9c83-01381f0d0c6f" testListId="8c84fa94-04c1-424b-9868-57a2d4851a1d" />
    <TestEntry testId="bae7745a-4345-aa97-8f60-00319ccaf741" executionId="59eb9805-4b5c-4ec3-a27d-ba4bb37c7a26" testListId="8c84fa94-04c1-424b-9868-57a2d4851a1d" />
    <TestEntry testId="c49ee672-b73a-bc6c-ef5b-ba89f980a4ad" executionId="aef02956-e164-4561-82c6-6f7d4b6a0e71" testListId="8c84fa94-04c1-424b-9868-57a2d4851a1d" />
    <TestEntry testId="bed63836-32d0-838c-d496-ce4fc91f6c1f" executionId="690e6e71-2f36-4101-88f5-38807d29564a" testListId="8c84fa94-04c1-424b-9868-57a2d4851a1d" />
    <TestEntry testId="1e309648-fdb7-1ca9-2ccb-3341883b6e78" executionId="19ab7346-b968-4df5-bd48-75f0fe4546f6" testListId="8c84fa94-04c1-424b-9868-57a2d4851a1d" />
  </TestEntries>
  <Results>
    <UnitTestResult executionId="e7ca8c87-37f3-48f5-9e96-8ee12b92ceaf" testId="a196d2db-b595-47e8-0f85-ff9cf91d15cd" testName="TestMethod1" computerName="ADI" duration="00:00:00.0128613" startTime="2012-11-22T23:49:53.9232146+00:00" endTime="2012-11-22T23:49:54.1652284+00:00" testType="13cdc9d9-ddb5-4fa4-a97d-d965ccfc6d4b" outcome="Passed" testListId="8c84fa94-04c1-424b-9868-57a2d4851a1d" relativeResultsDirectory="e7ca8c87-37f3-48f5-9e96-8ee12b92ceaf">
    </UnitTestResult>
    <UnitTestResult executionId="61e416c5-f2d2-42e9-a778-94b59a14bd3d" testId="1f0fbcf2-6581-ef86-a08f-6fd33cfce2ec" testName="GetAndSetPlayerIDs" computerName="ADI" duration="00:00:00.0039817" startTime="2012-11-22T23:49:54.1702287+00:00" endTime="2012-11-22T23:49:54.1772291+00:00" testType="13cdc9d9-ddb5-4fa4-a97d-d965ccfc6d4b" outcome="Passed" testListId="8c84fa94-04c1-424b-9868-57a2d4851a1d" relativeResultsDirectory="61e416c5-f2d2-42e9-a778-94b59a14bd3d">
    </UnitTestResult>
    <UnitTestResult executionId="c5ace1bc-aece-41a7-a9a1-a670b7357ec3" testId="95357a55-a90a-984e-1885-391e86c16de5" testName="GetAndSetGameIDs" computerName="ADI" duration="00:00:00.0003477" startTime="2012-11-22T23:49:54.1812294+00:00" endTime="2012-11-22T23:49:54.1852296+00:00" testType="13cdc9d9-ddb5-4fa4-a97d-d965ccfc6d4b" outcome="Passed" testListId="8c84fa94-04c1-424b-9868-57a2d4851a1d" relativeResultsDirectory="c5ace1bc-aece-41a7-a9a1-a670b7357ec3">
    </UnitTestResult>
    <UnitTestResult executionId="984cd2c5-9d62-4a12-8615-a77c2572253e" testId="c11181c1-a3ce-72fd-52a3-a05ed9a9e47c" testName="GetAndSetResult" computerName="ADI" duration="00:00:00.0015727" startTime="2012-11-22T23:49:54.1902299+00:00" endTime="2012-11-22T23:49:54.1952302+00:00" testType="13cdc9d9-ddb5-4fa4-a97d-d965ccfc6d4b" outcome="Passed" testListId="8c84fa94-04c1-424b-9868-57a2d4851a1d" relativeResultsDirectory="984cd2c5-9d62-4a12-8615-a77c2572253e">
    </UnitTestResult>
    <UnitTestResult executionId="ff2cbe2b-7336-4811-85de-fbe8292dc554" testId="cfdd0afd-a0ff-6599-daed-2d0922d73600" testName="GetAndSetKome" computerName="ADI" duration="00:00:00.0003896" startTime="2012-11-22T23:49:54.2002305+00:00" endTime="2012-11-22T23:49:54.2032306+00:00" testType="13cdc9d9-ddb5-4fa4-a97d-d965ccfc6d4b" outcome="Passed" testListId="8c84fa94-04c1-424b-9868-57a2d4851a1d" relativeResultsDirectory="ff2cbe2b-7336-4811-85de-fbe8292dc554">
    </UnitTestResult>
    <UnitTestResult executionId="ed7bf77d-62c0-40f9-be10-806d58e416a5" testId="cd222bde-05e0-66f9-2698-02ea106ea06e" testName="GetAndSetGameDetailsThroughConstructor" computerName="ADI" duration="00:00:00.0005958" startTime="2012-11-22T23:49:54.2072309+00:00" endTime="2012-11-22T23:49:54.2122311+00:00" testType="13cdc9d9-ddb5-4fa4-a97d-d965ccfc6d4b" outcome="Passed" testListId="8c84fa94-04c1-424b-9868-57a2d4851a1d" relativeResultsDirectory="ed7bf77d-62c0-40f9-be10-806d58e416a5">
    </UnitTestResult>
    <UnitTestResult executionId="632b2a00-0d92-4946-81a0-3dadb488f527" testId="d0c1f593-6311-123a-0e86-11e9e47b56f1" testName="NumberOfPlayersIsZeroWhenLadderIsCreated" computerName="ADI" duration="00:00:00.0015248" startTime="2012-11-22T23:49:54.2162314+00:00" endTime="2012-11-22T23:49:54.2212317+00:00" testType="13cdc9d9-ddb5-4fa4-a97d-d965ccfc6d4b" outcome="Passed" testListId="8c84fa94-04c1-424b-9868-57a2d4851a1d" relativeResultsDirectory="632b2a00-0d92-4946-81a0-3dadb488f527">
    </UnitTestResult>
    <UnitTestResult executionId="7a83e752-c04c-4ef3-b4b9-59e5fe18601d" testId="9c7cd945-ae56-70d6-75ed-6d2cb2527a98" testName="AddPlayerToEmptyList" computerName="ADI" duration="00:00:00.0010475" startTime="2012-11-22T23:49:54.2262319+00:00" endTime="2012-11-22T23:49:54.2292321+00:00" testType="13cdc9d9-ddb5-4fa4-a97d-d965ccfc6d4b" outcome="Passed" testListId="8c84fa94-04c1-424b-9868-57a2d4851a1d" relativeResultsDirectory="7a83e752-c04c-4ef3-b4b9-59e5fe18601d">
    </UnitTestResult>
    <UnitTestResult executionId="9c03ddcd-aac1-41c1-b832-7bd7ed69a74c" testId="dcdeb500-633d-bf44-5247-029b959a498e" testName="GetPlayerList" computerName="ADI" duration="00:00:00.0003819" startTime="2012-11-22T23:49:54.2342324+00:00" endTime="2012-11-22T23:49:54.2372326+00:00" testType="13cdc9d9-ddb5-4fa4-a97d-d965ccfc6d4b" outcome="Passed" testListId="8c84fa94-04c1-424b-9868-57a2d4851a1d" relativeResultsDirectory="9c03ddcd-aac1-41c1-b832-7bd7ed69a74c">
    </UnitTestResult>
    <UnitTestResult executionId="49fb298f-5b63-4729-8dd7-7f19c81dcca6" testId="bf2d210f-499d-db34-fdc7-38401fadd68c" testName="GetIDofLastPlayerInList" computerName="ADI" duration="00:00:00.0004315" startTime="2012-11-22T23:49:54.2422329+00:00" endTime="2012-11-22T23:49:54.2472331+00:00" testType="13cdc9d9-ddb5-4fa4-a97d-d965ccfc6d4b" outcome="Passed" testListId="8c84fa94-04c1-424b-9868-57a2d4851a1d" relativeResultsDirectory="49fb298f-5b63-4729-8dd7-7f19c81dcca6">
    </UnitTestResult>
    <UnitTestResult executionId="a12cce5f-26b6-4d8b-b8eb-f7cd2ff5338b" testId="df81cc9e-0f81-56b6-437b-3ea19bc5fcee" testName="GetNameofLastPlayerInList" computerName="ADI" duration="00:00:00.0003819" startTime="2012-11-22T23:49:54.2522334+00:00" endTime="2012-11-22T23:49:54.2552336+00:00" testType="13cdc9d9-ddb5-4fa4-a97d-d965ccfc6d4b" outcome="Passed" testListId="8c84fa94-04c1-424b-9868-57a2d4851a1d" relativeResultsDirectory="a12cce5f-26b6-4d8b-b8eb-f7cd2ff5338b">
    </UnitTestResult>
    <UnitTestResult executionId="805f87c5-56e6-469c-9e51-3e8f10c8511b" testId="fd85e99d-a608-c68f-dc6c-26c250b86ddb" testName="SuccessfulAdditionOfPlayerReturnsTrue" computerName="ADI" duration="00:00:00.0003109" startTime="2012-11-22T23:49:54.2592338+00:00" endTime="2012-11-22T23:49:54.2642341+00:00" testType="13cdc9d9-ddb5-4fa4-a97d-d965ccfc6d4b" outcome="Passed" testListId="8c84fa94-04c1-424b-9868-57a2d4851a1d" relativeResultsDirectory="805f87c5-56e6-469c-9e51-3e8f10c8511b">
    </UnitTestResult>
    <UnitTestResult executionId="3c0c6efd-a2dd-4428-a252-795e0190b5e1" testId="9d466d43-57e0-e13f-406f-a50d15eddf06" testName="RemovePlayerDeletesPlayerFromList" computerName="ADI" duration="00:00:00.0173734" startTime="2012-11-22T23:49:54.2692344+00:00" endTime="2012-11-22T23:49:54.2902356+00:00" testType="13cdc9d9-ddb5-4fa4-a97d-d965ccfc6d4b" outcome="Failed" testListId="8c84fa94-04c1-424b-9868-57a2d4851a1d" relativeResultsDirectory="3c0c6efd-a2dd-4428-a252-795e0190b5e1">
      <Output>
        <ErrorInfo>
          <Message>Assert.IsNull failed. </Message>
          <StackTrace>   at Project1.LadderTests.RemovePlayerDeletesPlayerFromList() in c:\Personal\Go\TestProject1\Project1VSTests\LadderTests.cs:line 95
</StackTrace>
        </ErrorInfo>
      </Output>
    </UnitTestResult>
    <UnitTestResult executionId="ba426d79-7ce3-4bbf-962c-20f2bca3e8fa" testId="63417751-7623-be38-a4d3-37490ad4706f" testName="FindPlayerFromListWithName" computerName="ADI" duration="00:00:00.0010577" startTime="2012-11-22T23:49:54.2962359+00:00" endTime="2012-11-22T23:49:54.3012362+00:00" testType="13cdc9d9-ddb5-4fa4-a97d-d965ccfc6d4b" outcome="Passed" testListId="8c84fa94-04c1-424b-9868-57a2d4851a1d" relativeResultsDirectory="ba426d79-7ce3-4bbf-962c-20f2bca3e8fa">
    </UnitTestResult>
    <UnitTestResult executionId="71ff4f35-bf8d-4dd3-b7fe-05e2e93b8877" testId="a24bee60-f458-a544-3227-7790753b1431" testName="FindPlayerFromListWithRank" computerName="ADI" duration="00:00:00.0008990" startTime="2012-11-22T23:49:54.3072366+00:00" endTime="2012-11-22T23:49:54.3122369+00:00" testType="13cdc9d9-ddb5-4fa4-a97d-d965ccfc6d4b" outcome="Passed" testListId="8c84fa94-04c1-424b-9868-57a2d4851a1d" relativeResultsDirectory="71ff4f35-bf8d-4dd3-b7fe-05e2e93b8877">
    </UnitTestResult>
    <UnitTestResult executionId="862bde0c-894e-4e46-85ec-81a08b61f7ca" testId="600ddbfa-ef02-6d8c-d2c3-758d98370518" testName="FindMultiplePlayersFromListWithSameRank" computerName="ADI" duration="00:00:00.0004649" startTime="2012-11-22T23:49:54.3172371+00:00" endTime="2012-11-22T23:49:54.3212374+00:00" testType="13cdc9d9-ddb5-4fa4-a97d-d965ccfc6d4b" outcome="Passed" testListId="8c84fa94-04c1-424b-9868-57a2d4851a1d" relativeResultsDirectory="862bde0c-894e-4e46-85ec-81a08b61f7ca">
    </UnitTestResult>
    <UnitTestResult executionId="a33af3d9-58bc-4ca1-972f-417e0715be98" testId="4728f28a-4d7d-4b7e-5fa3-82896872a9b7" testName="DeletingMiddlePlayerInListKeepsOthers" computerName="ADI" duration="00:00:00.0005329" startTime="2012-11-22T23:49:54.3262377+00:00" endTime="2012-11-22T23:49:54.3292378+00:00" testType="13cdc9d9-ddb5-4fa4-a97d-d965ccfc6d4b" outcome="Passed" testListId="8c84fa94-04c1-424b-9868-57a2d4851a1d" relativeResultsDirectory="a33af3d9-58bc-4ca1-972f-417e0715be98">
    </UnitTestResult>
    <UnitTestResult executionId="96d42957-8f3d-490a-aeb8-fd789708a9b0" testId="4725964d-137f-9e85-7745-acc949cbd904" testName="DeletingLastPlayerInListAndAddingPlayerAfterwards" computerName="ADI" duration="00:00:00.0005064" startTime="2012-11-22T23:49:54.3342381+00:00" endTime="2012-11-22T23:49:54.3372383+00:00" testType="13cdc9d9-ddb5-4fa4-a97d-d965ccfc6d4b" outcome="Passed" testListId="8c84fa94-04c1-424b-9868-57a2d4851a1d" relativeResultsDirectory="96d42957-8f3d-490a-aeb8-fd789708a9b0">
    </UnitTestResult>
    <UnitTestResult executionId="875cb0ad-f418-43e6-b426-f7b431ac45d8" testId="7a3046a4-7408-bf7f-c22c-0609c577acfc" testName="NewLadderHasNoGames" computerName="ADI" duration="00:00:00.0004572" startTime="2012-11-22T23:49:54.3402385+00:00" endTime="2012-11-22T23:49:54.3442387+00:00" testType="13cdc9d9-ddb5-4fa4-a97d-d965ccfc6d4b" outcome="Passed" testListId="8c84fa94-04c1-424b-9868-57a2d4851a1d" relativeResultsDirectory="875cb0ad-f418-43e6-b426-f7b431ac45d8">
    </UnitTestResult>
    <UnitTestResult executionId="cbf19db7-0d76-4f85-ad13-e40577b30272" testId="f42d09ae-52a3-200f-0901-bbee3d444db0" testName="AddingGamesIncreasesTheCounter" computerName="ADI" duration="00:00:00.0003952" startTime="2012-11-22T23:49:54.3472389+00:00" endTime="2012-11-22T23:49:54.3512391+00:00" testType="13cdc9d9-ddb5-4fa4-a97d-d965ccfc6d4b" outcome="Passed" testListId="8c84fa94-04c1-424b-9868-57a2d4851a1d" relativeResultsDirectory="cbf19db7-0d76-4f85-ad13-e40577b30272">
    </UnitTestResult>
    <UnitTestResult executionId="603c873b-8190-4059-afb4-fe7cf69b3180" testId="c8c2dc19-5f39-1c20-c766-3762219651c1" testName="AddingGamesAutomaticallyAddsGameID" computerName="ADI" duration="00:00:00.0007108" startTime="2012-11-22T23:49:54.3562394+00:00" endTime="2012-11-22T23:49:54.3612397+00:00" testType="13cdc9d9-ddb5-4fa4-a97d-d965ccfc6d4b" outcome="Passed" testListId="8c84fa94-04c1-424b-9868-57a2d4851a1d" relativeResultsDirectory="603c873b-8190-4059-afb4-fe7cf69b3180">
    </UnitTestResult>
    <UnitTestResult executionId="f2579867-02cd-4f3c-a19e-bc569fe25d82" testId="67059977-9af9-0f9c-579a-97c264c1fea9" testName="SetAndGetPlayerName" computerName="ADI" duration="00:00:00.0004110" startTime="2012-11-22T23:49:54.3662399+00:00" endTime="2012-11-22T23:49:54.3692401+00:00" testType="13cdc9d9-ddb5-4fa4-a97d-d965ccfc6d4b" outcome="Passed" testListId="8c84fa94-04c1-424b-9868-57a2d4851a1d" relativeResultsDirectory="f2579867-02cd-4f3c-a19e-bc569fe25d82">
    </UnitTestResult>
    <UnitTestResult executionId="1d7ab458-6f20-4037-a9d9-7b2964232a13" testId="2a5a8da3-8c92-50ab-0864-63a216de8ddd" testName="SetAndGetPlayerID" computerName="ADI" duration="00:00:00.0002395" startTime="2012-11-22T23:49:54.3732403+00:00" endTime="2012-11-22T23:49:54.3762405+00:00" testType="13cdc9d9-ddb5-4fa4-a97d-d965ccfc6d4b" outcome="Passed" testListId="8c84fa94-04c1-424b-9868-57a2d4851a1d" relativeResultsDirectory="1d7ab458-6f20-4037-a9d9-7b2964232a13">
    </UnitTestResult>
    <UnitTestResult executionId="b66d7033-8591-46a8-a4c7-97bfe2381dcd" testId="e1e7dca0-9e9e-6051-146d-d722cd8342c2" testName="NewPlayerDefaultRankIsThirtySixKyu" computerName="ADI" duration="00:00:00.0009683" startTime="2012-11-22T23:49:54.3812408+00:00" endTime="2012-11-22T23:49:54.3852410+00:00" testType="13cdc9d9-ddb5-4fa4-a97d-d965ccfc6d4b" outcome="Passed" testListId="8c84fa94-04c1-424b-9868-57a2d4851a1d" relativeResultsDirectory="b66d7033-8591-46a8-a4c7-97bfe2381dcd">
    </UnitTestResult>
    <UnitTestResult executionId="201ed068-2645-4a87-a78c-19c7733ee456" testId="4c58c331-f849-3000-be35-14d9061a5823" testName="NewPlayerDefaultRungIsMiddleRung" computerName="ADI" duration="00:00:00.0012083" startTime="2012-11-22T23:49:54.3892413+00:00" endTime="2012-11-22T23:49:54.3932415+00:00" testType="13cdc9d9-ddb5-4fa4-a97d-d965ccfc6d4b" outcome="Passed" testListId="8c84fa94-04c1-424b-9868-57a2d4851a1d" relativeResultsDirectory="201ed068-2645-4a87-a78c-19c7733ee456">
    </UnitTestResult>
    <UnitTestResult executionId="85138fab-2450-4843-adc2-f5885c752fee" testId="b9a76c99-9145-d3be-9648-207ab5a64d1d" testName="SetNewPlayerThroughConstructor" computerName="ADI" duration="00:00:00.0003657" startTime="2012-11-22T23:49:54.3982418+00:00" endTime="2012-11-22T23:49:54.4022420+00:00" testType="13cdc9d9-ddb5-4fa4-a97d-d965ccfc6d4b" outcome="Passed" testListId="8c84fa94-04c1-424b-9868-57a2d4851a1d" relativeResultsDirectory="85138fab-2450-4843-adc2-f5885c752fee">
    </UnitTestResult>
    <UnitTestResult executionId="05f4a838-d03c-44e2-ae8a-60c8084a8a33" testId="d773416e-fef5-3b6e-144e-948cb8ea0d98" testName="SetAndGetRankNumber" computerName="ADI" duration="00:00:00.0003430" startTime="2012-11-22T23:49:54.4072423+00:00" endTime="2012-11-22T23:49:54.4102425+00:00" testType="13cdc9d9-ddb5-4fa4-a97d-d965ccfc6d4b" outcome="Passed" testListId="8c84fa94-04c1-424b-9868-57a2d4851a1d" relativeResultsDirectory="05f4a838-d03c-44e2-ae8a-60c8084a8a33">
    </UnitTestResult>
    <UnitTestResult executionId="967ad028-92a4-4fb4-98e1-c59f7ab6d5f9" testId="905be7a8-7e05-39eb-8812-44a945cef830" testName="SetAndGetRungPosition" computerName="ADI" duration="00:00:00.0002681" startTime="2012-11-22T23:49:54.4152427+00:00" endTime="2012-11-22T23:49:54.4182429+00:00" testType="13cdc9d9-ddb5-4fa4-a97d-d965ccfc6d4b" outcome="Passed" testListId="8c84fa94-04c1-424b-9868-57a2d4851a1d" relativeResultsDirectory="967ad028-92a4-4fb4-98e1-c59f7ab6d5f9">
    </UnitTestResult>
    <UnitTestResult executionId="6712e1cc-e4f5-40c2-8421-822e65893705" testId="bc5bb353-beec-1029-110e-45d43b7d36de" testName="DefaultRankAndRungPositionForNoRank" computerName="ADI" duration="00:00:00.0002540" startTime="2012-11-22T23:49:54.4222432+00:00" endTime="2012-11-22T23:49:54.4262434+00:00" testType="13cdc9d9-ddb5-4fa4-a97d-d965ccfc6d4b" outcome="Passed" testListId="8c84fa94-04c1-424b-9868-57a2d4851a1d" relativeResultsDirectory="6712e1cc-e4f5-40c2-8421-822e65893705">
    </UnitTestResult>
    <UnitTestResult executionId="93a76510-e78e-495a-b9b5-c65c9acb0e3c" testId="e4bdd4dc-077a-bfcc-95b9-34c52cea8f78" testName="SetRankThroughConstructor" computerName="ADI" duration="00:00:00.0003280" startTime="2012-11-22T23:49:54.4302436+00:00" endTime="2012-11-22T23:49:54.4342438+00:00" testType="13cdc9d9-ddb5-4fa4-a97d-d965ccfc6d4b" outcome="Passed" testListId="8c84fa94-04c1-424b-9868-57a2d4851a1d" relativeResultsDirectory="93a76510-e78e-495a-b9b5-c65c9acb0e3c">
    </UnitTestResult>
    <UnitTestResult executionId="81ba0939-11f7-4539-914c-6c1f3f451576" testId="696749bd-8b0e-3c67-b880-8439a4e40a03" testName="SetRankAndRungThroughConstructor" computerName="ADI" duration="00:00:00.0003597" startTime="2012-11-22T23:49:54.4382441+00:00" endTime="2012-11-22T23:49:54.4422443+00:00" testType="13cdc9d9-ddb5-4fa4-a97d-d965ccfc6d4b" outcome="Passed" testListId="8c84fa94-04c1-424b-9868-57a2d4851a1d" relativeResultsDirectory="81ba0939-11f7-4539-914c-6c1f3f451576">
    </UnitTestResult>
    <UnitTestResult executionId="c55a1d35-9c08-4228-9230-a98359f89158" testId="9f4bcc68-cea5-1bd3-1613-dab28d76f1f1" testName="MoveUpLadderLowRankSameRung" computerName="ADI" duration="00:00:00.0004516" startTime="2012-11-22T23:49:54.4462445+00:00" endTime="2012-11-22T23:49:54.4502448+00:00" testType="13cdc9d9-ddb5-4fa4-a97d-d965ccfc6d4b" outcome="Passed" testListId="8c84fa94-04c1-424b-9868-57a2d4851a1d" relativeResultsDirectory="c55a1d35-9c08-4228-9230-a98359f89158">
    </UnitTestResult>
    <UnitTestResult executionId="ff932f08-c178-460f-a2c8-d5946d716b5f" testId="b216a52f-2c4d-0364-703c-8d5add28730d" testName="MoveUpLadderLowRankUpARung" computerName="ADI" duration="00:00:00.0002596" startTime="2012-11-22T23:49:54.4542450+00:00" endTime="2012-11-22T23:49:54.4582452+00:00" testType="13cdc9d9-ddb5-4fa4-a97d-d965ccfc6d4b" outcome="Passed" testListId="8c84fa94-04c1-424b-9868-57a2d4851a1d" relativeResultsDirectory="ff932f08-c178-460f-a2c8-d5946d716b5f">
    </UnitTestResult>
    <UnitTestResult executionId="1977a81a-dbc0-446b-8473-e8fe53cc7339" testId="b30a6818-dbc9-f1df-a7b3-fa7d73c7249e" testName="MoveUpLadderMiddleRankUpARung" computerName="ADI" duration="00:00:00.0002669" startTime="2012-11-22T23:49:54.4622454+00:00" endTime="2012-11-22T23:49:54.4662457+00:00" testType="13cdc9d9-ddb5-4fa4-a97d-d965ccfc6d4b" outcome="Passed" testListId="8c84fa94-04c1-424b-9868-57a2d4851a1d" relativeResultsDirectory="1977a81a-dbc0-446b-8473-e8fe53cc7339">
    </UnitTestResult>
    <UnitTestResult executionId="fae7d220-19bb-4db8-9967-af84abf17517" testId="c742a09f-f8a7-bcd1-20b1-7943bfc33032" testName="MoveUpLadderMiddleRankSameRung" computerName="ADI" duration="00:00:00.0003130" startTime="2012-11-22T23:49:54.4712460+00:00" endTime="2012-11-22T23:49:54.4742461+00:00" testType="13cdc9d9-ddb5-4fa4-a97d-d965ccfc6d4b" outcome="Passed" testListId="8c84fa94-04c1-424b-9868-57a2d4851a1d" relativeResultsDirectory="fae7d220-19bb-4db8-9967-af84abf17517">
    </UnitTestResult>
    <UnitTestResult executionId="d42acd4c-3611-4f87-a62c-d1ec3a4c6aa4" testId="4d603034-9b20-4167-7863-d6342775eb94" testName="MoveUpLadderHighRankUpARung" computerName="ADI" duration="00:00:00.0002703" startTime="2012-11-22T23:49:54.4782464+00:00" endTime="2012-11-22T23:49:54.4822466+00:00" testType="13cdc9d9-ddb5-4fa4-a97d-d965ccfc6d4b" outcome="Passed" testListId="8c84fa94-04c1-424b-9868-57a2d4851a1d" relativeResultsDirectory="d42acd4c-3611-4f87-a62c-d1ec3a4c6aa4">
    </UnitTestResult>
    <UnitTestResult executionId="23df01d0-28c8-4d4b-86f0-118390c0fa8d" testId="d6c5c455-0200-0c5f-1ca0-f844ca7cc5e6" testName="MoveUpLadderHighRankSameRung" computerName="ADI" duration="00:00:00.0005196" startTime="2012-11-22T23:49:54.4852468+00:00" endTime="2012-11-22T23:49:54.4942473+00:00" testType="13cdc9d9-ddb5-4fa4-a97d-d965ccfc6d4b" outcome="Passed" testListId="8c84fa94-04c1-424b-9868-57a2d4851a1d" relativeResultsDirectory="23df01d0-28c8-4d4b-86f0-118390c0fa8d">
    </UnitTestResult>
    <UnitTestResult executionId="5e444e14-8386-422b-98e0-830241a9c94e" testId="707c250f-7066-876a-084e-a2f9385e4478" testName="DontMoveUpLadderMaxRankAndRung" computerName="ADI" duration="00:00:00.0002587" startTime="2012-11-22T23:49:54.4982475+00:00" endTime="2012-11-22T23:49:54.5022477+00:00" testType="13cdc9d9-ddb5-4fa4-a97d-d965ccfc6d4b" outcome="Passed" testListId="8c84fa94-04c1-424b-9868-57a2d4851a1d" relativeResultsDirectory="5e444e14-8386-422b-98e0-830241a9c94e">
    </UnitTestResult>
    <UnitTestResult executionId="5160043f-792e-491b-8133-b557a08af195" testId="ae891c73-20d7-5d76-f328-312bfa18c043" testName="MoveDownLowRankSameRung" computerName="ADI" duration="00:00:00.0005616" startTime="2012-11-22T23:49:54.5062480+00:00" endTime="2012-11-22T23:49:54.5102482+00:00" testType="13cdc9d9-ddb5-4fa4-a97d-d965ccfc6d4b" outcome="Passed" testListId="8c84fa94-04c1-424b-9868-57a2d4851a1d" relativeResultsDirectory="5160043f-792e-491b-8133-b557a08af195">
    </UnitTestResult>
    <UnitTestResult executionId="d29732e1-df49-42cd-a423-3c5e2713639a" testId="4f9e1d56-3488-73dc-57ff-29733bf87e53" testName="MoveDownLowRankDownARung" computerName="ADI" duration="00:00:00.0002574" startTime="2012-11-22T23:49:54.5152485+00:00" endTime="2012-11-22T23:49:54.5182486+00:00" testType="13cdc9d9-ddb5-4fa4-a97d-d965ccfc6d4b" outcome="Passed" testListId="8c84fa94-04c1-424b-9868-57a2d4851a1d" relativeResultsDirectory="d29732e1-df49-42cd-a423-3c5e2713639a">
    </UnitTestResult>
    <UnitTestResult executionId="c0e61321-ed0a-4988-9c83-01381f0d0c6f" testId="f8c40a45-ee90-819c-6717-2648ff00657f" testName="MoveDownMidRankSameRung" computerName="ADI" duration="00:00:00.0003075" startTime="2012-11-22T23:49:54.5222489+00:00" endTime="2012-11-22T23:49:54.5262491+00:00" testType="13cdc9d9-ddb5-4fa4-a97d-d965ccfc6d4b" outcome="Passed" testListId="8c84fa94-04c1-424b-9868-57a2d4851a1d" relativeResultsDirectory="c0e61321-ed0a-4988-9c83-01381f0d0c6f">
    </UnitTestResult>
    <UnitTestResult executionId="59eb9805-4b5c-4ec3-a27d-ba4bb37c7a26" testId="bae7745a-4345-aa97-8f60-00319ccaf741" testName="MoveDownMidRankDownARung" computerName="ADI" duration="00:00:00.0002587" startTime="2012-11-22T23:49:54.5302493+00:00" endTime="2012-11-22T23:49:54.5342496+00:00" testType="13cdc9d9-ddb5-4fa4-a97d-d965ccfc6d4b" outcome="Passed" testListId="8c84fa94-04c1-424b-9868-57a2d4851a1d" relativeResultsDirectory="59eb9805-4b5c-4ec3-a27d-ba4bb37c7a26">
    </UnitTestResult>
    <UnitTestResult executionId="aef02956-e164-4561-82c6-6f7d4b6a0e71" testId="c49ee672-b73a-bc6c-ef5b-ba89f980a4ad" testName="MoveDownHighRankSameRung" computerName="ADI" duration="00:00:00.0003661" startTime="2012-11-22T23:49:54.5382498+00:00" endTime="2012-11-22T23:49:54.5412500+00:00" testType="13cdc9d9-ddb5-4fa4-a97d-d965ccfc6d4b" outcome="Passed" testListId="8c84fa94-04c1-424b-9868-57a2d4851a1d" relativeResultsDirectory="aef02956-e164-4561-82c6-6f7d4b6a0e71">
    </UnitTestResult>
    <UnitTestResult executionId="690e6e71-2f36-4101-88f5-38807d29564a" testId="bed63836-32d0-838c-d496-ce4fc91f6c1f" testName="MoveDownHighRankDownARung" computerName="ADI" duration="00:00:00.0002976" startTime="2012-11-22T23:49:54.5452502+00:00" endTime="2012-11-22T23:49:54.5492504+00:00" testType="13cdc9d9-ddb5-4fa4-a97d-d965ccfc6d4b" outcome="Passed" testListId="8c84fa94-04c1-424b-9868-57a2d4851a1d" relativeResultsDirectory="690e6e71-2f36-4101-88f5-38807d29564a">
    </UnitTestResult>
    <UnitTestResult executionId="19ab7346-b968-4df5-bd48-75f0fe4546f6" testId="1e309648-fdb7-1ca9-2ccb-3341883b6e78" testName="DontMoveDownWhenAtBottomOfRank" computerName="ADI" duration="00:00:00.0003195" startTime="2012-11-22T23:49:54.5532506+00:00" endTime="2012-11-22T23:49:54.5562508+00:00" testType="13cdc9d9-ddb5-4fa4-a97d-d965ccfc6d4b" outcome="Passed" testListId="8c84fa94-04c1-424b-9868-57a2d4851a1d" relativeResultsDirectory="19ab7346-b968-4df5-bd48-75f0fe4546f6">
    </UnitTestResult>
  </Results>
</TestRun>