<?xml version="1.0" encoding="UTF-8"?>
<TestRun id="3ab9c633-5d7c-480a-9f2a-04481ad84b85" name="pc1@ADI 2012-11-22 23:12:48" runUser="ADI\pc1" xmlns="http://microsoft.com/schemas/VisualStudio/TeamTest/2010">
  <TestSettings name="Local" id="8e47a06c-9acb-4e37-8aaa-ce98d320818c">
    <Description>These are default test settings for a local test run.</Description>
    <Deployment enabled="false" runDeploymentRoot="pc1_ADI 2012-11-22 23_12_48">
      <DeploymentItem filename="C:\Personal\Go\TestProject1\TestProject1\bin\Debug\TestProject1.exe" />
    </Deployment>
    <Execution>
      <TestTypeSpecific />
      <AgentRule name="Execution Agents">
      </AgentRule>
    </Execution>
  </TestSettings>
  <Times creation="2012-11-22T23:12:48.3259177+00:00" queuing="2012-11-22T23:12:48.5749320+00:00" start="2012-11-22T23:12:48.5859326+00:00" finish="2012-11-22T23:12:48.9609540+00:00" />
  <ResultSummary outcome="Failed">
    <Counters total="6" executed="6" passed="1" error="0" failed="5" timeout="0" aborted="0" inconclusive="0" passedButRunAborted="0" notRunnable="0" notExecuted="0" disconnected="0" warning="0" completed="0" inProgress="0" pending="0" />
  </ResultSummary>
  <TestDefinitions>
    <UnitTest name="SetAndGetPlayerID" storage="c:\personal\go\testproject1\project1vstests\bin\debug\project1vstests.dll" id="4f837ab8-5754-1eea-a938-0dd85065929c">
      <Execution id="3c1d481b-e005-44c8-9ae7-7a70e07a2d6c" />
      <TestMethod codeBase="C:/Personal/Go/TestProject1/Project1VSTests/bin/Debug/Project1VSTests.DLL" adapterTypeName="Microsoft.VisualStudio.TestTools.TestTypes.Unit.UnitTestAdapter, Microsoft.VisualStudio.QualityTools.Tips.UnitTest.Adapter, Version=10.0.0.0, Culture=neutral, PublicKeyToken=b03f5f7f11d50a3a" className="Project1VSTests.PlayerTests, Project1VSTests, Version=1.0.0.0, Culture=neutral, PublicKeyToken=null" name="SetAndGetPlayerID" />
    </UnitTest>
    <UnitTest name="SetNewPlayerThroughConstructor" storage="c:\personal\go\testproject1\project1vstests\bin\debug\project1vstests.dll" id="720f2ed8-00d2-a182-67a8-02668befcf50">
      <Execution id="5c2a2a4e-dc9c-47d2-8457-a850c1100780" />
      <TestMethod codeBase="C:/Personal/Go/TestProject1/Project1VSTests/bin/Debug/Project1VSTests.DLL" adapterTypeName="Microsoft.VisualStudio.TestTools.TestTypes.Unit.UnitTestAdapter, Microsoft.VisualStudio.QualityTools.Tips.UnitTest.Adapter, Version=10.0.0.0, Culture=neutral, PublicKeyToken=b03f5f7f11d50a3a" className="Project1VSTests.PlayerTests, Project1VSTests, Version=1.0.0.0, Culture=neutral, PublicKeyToken=null" name="SetNewPlayerThroughConstructor" />
    </UnitTest>
    <UnitTest name="NewPlayerDefaultRankIsThirtySixKyu" storage="c:\personal\go\testproject1\project1vstests\bin\debug\project1vstests.dll" id="f2df5bd3-730e-ae0f-298c-daf0a9ebf65d">
      <Execution id="f609f1a6-6fb8-4f3a-bd84-1b126a306c76" />
      <TestMethod codeBase="C:/Personal/Go/TestProject1/Project1VSTests/bin/Debug/Project1VSTests.DLL" adapterTypeName="Microsoft.VisualStudio.TestTools.TestTypes.Unit.UnitTestAdapter, Microsoft.VisualStudio.QualityTools.Tips.UnitTest.Adapter, Version=10.0.0.0, Culture=neutral, PublicKeyToken=b03f5f7f11d50a3a" className="Project1VSTests.PlayerTests, Project1VSTests, Version=1.0.0.0, Culture=neutral, PublicKeyToken=null" name="NewPlayerDefaultRankIsThirtySixKyu" />
    </UnitTest>
    <UnitTest name="SetAndGetPlayerName" storage="c:\personal\go\testproject1\project1vstests\bin\debug\project1vstests.dll" id="c4315d0c-5e58-dd69-04ed-59932af5fc00">
      <Execution id="b3eb8e14-4a93-4a37-be60-ed08dc262c56" />
      <TestMethod codeBase="C:/Personal/Go/TestProject1/Project1VSTests/bin/Debug/Project1VSTests.DLL" adapterTypeName="Microsoft.VisualStudio.TestTools.TestTypes.Unit.UnitTestAdapter, Microsoft.VisualStudio.QualityTools.Tips.UnitTest.Adapter, Version=10.0.0.0, Culture=neutral, PublicKeyToken=b03f5f7f11d50a3a" className="Project1VSTests.PlayerTests, Project1VSTests, Version=1.0.0.0, Culture=neutral, PublicKeyToken=null" name="SetAndGetPlayerName" />
    </UnitTest>
    <UnitTest name="TestMethod1" storage="c:\personal\go\testproject1\project1vstests\bin\debug\project1vstests.dll" id="a196d2db-b595-47e8-0f85-ff9cf91d15cd">
      <Execution id="fbb8283b-cd6d-415e-9bb2-a6966c7c8595" />
      <TestMethod codeBase="C:/Personal/Go/TestProject1/Project1VSTests/bin/Debug/Project1VSTests.DLL" adapterTypeName="Microsoft.VisualStudio.TestTools.TestTypes.Unit.UnitTestAdapter, Microsoft.VisualStudio.QualityTools.Tips.UnitTest.Adapter, Version=10.0.0.0, Culture=neutral, PublicKeyToken=b03f5f7f11d50a3a" className="Project1VSTests.UnitTest1, Project1VSTests, Version=1.0.0.0, Culture=neutral, PublicKeyToken=null" name="TestMethod1" />
    </UnitTest>
    <UnitTest name="NewPlayerDefaultRungIsMiddleRung" storage="c:\personal\go\testproject1\project1vstests\bin\debug\project1vstests.dll" id="33ae37c7-06f7-601e-4782-0e9bb5db6fa3">
      <Execution id="7adc70a9-fddb-4d2d-a93d-e9cd4e85653c" />
      <TestMethod codeBase="C:/Personal/Go/TestProject1/Project1VSTests/bin/Debug/Project1VSTests.DLL" adapterTypeName="Microsoft.VisualStudio.TestTools.TestTypes.Unit.UnitTestAdapter, Microsoft.VisualStudio.QualityTools.Tips.UnitTest.Adapter, Version=10.0.0.0, Culture=neutral, PublicKeyToken=b03f5f7f11d50a3a" className="Project1VSTests.PlayerTests, Project1VSTests, Version=1.0.0.0, Culture=neutral, PublicKeyToken=null" name="NewPlayerDefaultRungIsMiddleRung" />
    </UnitTest>
  </TestDefinitions>
  <TestLists>
    <TestList name="Results Not in a List" id="8c84fa94-04c1-424b-9868-57a2d4851a1d" />
    <TestList name="All Loaded Results" id="19431567-8539-422a-85d7-44ee4e166bda" />
  </TestLists>
  <TestEntries>
    <TestEntry testId="a196d2db-b595-47e8-0f85-ff9cf91d15cd" executionId="fbb8283b-cd6d-415e-9bb2-a6966c7c8595" testListId="8c84fa94-04c1-424b-9868-57a2d4851a1d" />
    <TestEntry testId="c4315d0c-5e58-dd69-04ed-59932af5fc00" executionId="b3eb8e14-4a93-4a37-be60-ed08dc262c56" testListId="8c84fa94-04c1-424b-9868-57a2d4851a1d" />
    <TestEntry testId="4f837ab8-5754-1eea-a938-0dd85065929c" executionId="3c1d481b-e005-44c8-9ae7-7a70e07a2d6c" testListId="8c84fa94-04c1-424b-9868-57a2d4851a1d" />
    <TestEntry testId="f2df5bd3-730e-ae0f-298c-daf0a9ebf65d" executionId="f609f1a6-6fb8-4f3a-bd84-1b126a306c76" testListId="8c84fa94-04c1-424b-9868-57a2d4851a1d" />
    <TestEntry testId="33ae37c7-06f7-601e-4782-0e9bb5db6fa3" executionId="7adc70a9-fddb-4d2d-a93d-e9cd4e85653c" testListId="8c84fa94-04c1-424b-9868-57a2d4851a1d" />
    <TestEntry testId="720f2ed8-00d2-a182-67a8-02668befcf50" executionId="5c2a2a4e-dc9c-47d2-8457-a850c1100780" testListId="8c84fa94-04c1-424b-9868-57a2d4851a1d" />
  </TestEntries>
  <Results>
    <UnitTestResult executionId="fbb8283b-cd6d-415e-9bb2-a6966c7c8595" testId="a196d2db-b595-47e8-0f85-ff9cf91d15cd" testName="TestMethod1" computerName="ADI" duration="00:00:00.0112223" startTime="2012-11-22T23:12:48.5969332+00:00" endTime="2012-11-22T23:12:48.8129456+00:00" testType="13cdc9d9-ddb5-4fa4-a97d-d965ccfc6d4b" outcome="Passed" testListId="8c84fa94-04c1-424b-9868-57a2d4851a1d" relativeResultsDirectory="fbb8283b-cd6d-415e-9bb2-a6966c7c8595">
    </UnitTestResult>
    <UnitTestResult executionId="b3eb8e14-4a93-4a37-be60-ed08dc262c56" testId="c4315d0c-5e58-dd69-04ed-59932af5fc00" testName="SetAndGetPlayerName" computerName="ADI" duration="00:00:00.0249425" startTime="2012-11-22T23:12:48.8169458+00:00" endTime="2012-11-22T23:12:48.8449474+00:00" testType="13cdc9d9-ddb5-4fa4-a97d-d965ccfc6d4b" outcome="Failed" testListId="8c84fa94-04c1-424b-9868-57a2d4851a1d" relativeResultsDirectory="b3eb8e14-4a93-4a37-be60-ed08dc262c56">
      <Output>
        <ErrorInfo>
          <Message>Test method Project1VSTests.PlayerTests.SetAndGetPlayerName threw exception: 
System.BadImageFormatException: Could not load file or assembly 'TestProject1, Version=1.0.0.0, Culture=neutral, PublicKeyToken=null' or one of its dependencies. An attempt was made to load a program with an incorrect format.</Message>
          <StackTrace>    at Project1VSTests.PlayerTests.SetAndGetPlayerName()
</StackTrace>
        </ErrorInfo>
      </Output>
    </UnitTestResult>
    <UnitTestResult executionId="3c1d481b-e005-44c8-9ae7-7a70e07a2d6c" testId="4f837ab8-5754-1eea-a938-0dd85065929c" testName="SetAndGetPlayerID" computerName="ADI" duration="00:00:00.0018905" startTime="2012-11-22T23:12:48.8499477+00:00" endTime="2012-11-22T23:12:48.8559480+00:00" testType="13cdc9d9-ddb5-4fa4-a97d-d965ccfc6d4b" outcome="Failed" testListId="8c84fa94-04c1-424b-9868-57a2d4851a1d" relativeResultsDirectory="3c1d481b-e005-44c8-9ae7-7a70e07a2d6c">
      <Output>
        <ErrorInfo>
          <Message>Test method Project1VSTests.PlayerTests.SetAndGetPlayerID threw exception: 
System.BadImageFormatException: Could not load file or assembly 'TestProject1, Version=1.0.0.0, Culture=neutral, PublicKeyToken=null' or one of its dependencies. An attempt was made to load a program with an incorrect format.</Message>
          <StackTrace>    at Project1VSTests.PlayerTests.SetAndGetPlayerID()
</StackTrace>
        </ErrorInfo>
      </Output>
    </UnitTestResult>
    <UnitTestResult executionId="f609f1a6-6fb8-4f3a-bd84-1b126a306c76" testId="f2df5bd3-730e-ae0f-298c-daf0a9ebf65d" testName="NewPlayerDefaultRankIsThirtySixKyu" computerName="ADI" duration="00:00:00.0015167" startTime="2012-11-22T23:12:48.8609483+00:00" endTime="2012-11-22T23:12:48.8659486+00:00" testType="13cdc9d9-ddb5-4fa4-a97d-d965ccfc6d4b" outcome="Failed" testListId="8c84fa94-04c1-424b-9868-57a2d4851a1d" relativeResultsDirectory="f609f1a6-6fb8-4f3a-bd84-1b126a306c76">
      <Output>
        <ErrorInfo>
          <Message>Test method Project1VSTests.PlayerTests.NewPlayerDefaultRankIsThirtySixKyu threw exception: 
System.BadImageFormatException: Could not load file or assembly 'TestProject1, Version=1.0.0.0, Culture=neutral, PublicKeyToken=null' or one of its dependencies. An attempt was made to load a program with an incorrect format.</Message>
          <StackTrace>    at Project1VSTests.PlayerTests.NewPlayerDefaultRankIsThirtySixKyu()
</StackTrace>
        </ErrorInfo>
      </Output>
    </UnitTestResult>
    <UnitTestResult executionId="7adc70a9-fddb-4d2d-a93d-e9cd4e85653c" testId="33ae37c7-06f7-601e-4782-0e9bb5db6fa3" testName="NewPlayerDefaultRungIsMiddleRung" computerName="ADI" duration="00:00:00.0016292" startTime="2012-11-22T23:12:48.9239519+00:00" endTime="2012-11-22T23:12:48.9289522+00:00" testType="13cdc9d9-ddb5-4fa4-a97d-d965ccfc6d4b" outcome="Failed" testListId="8c84fa94-04c1-424b-9868-57a2d4851a1d" relativeResultsDirectory="7adc70a9-fddb-4d2d-a93d-e9cd4e85653c">
      <Output>
        <ErrorInfo>
          <Message>Test method Project1VSTests.PlayerTests.NewPlayerDefaultRungIsMiddleRung threw exception: 
System.BadImageFormatException: Could not load file or assembly 'TestProject1, Version=1.0.0.0, Culture=neutral, PublicKeyToken=null' or one of its dependencies. An attempt was made to load a program with an incorrect format.</Message>
          <StackTrace>    at Project1VSTests.PlayerTests.NewPlayerDefaultRungIsMiddleRung()
</StackTrace>
        </ErrorInfo>
      </Output>
    </UnitTestResult>
    <UnitTestResult executionId="5c2a2a4e-dc9c-47d2-8457-a850c1100780" testId="720f2ed8-00d2-a182-67a8-02668befcf50" testName="SetNewPlayerThroughConstructor" computerName="ADI" duration="00:00:00.0015560" startTime="2012-11-22T23:12:48.9329524+00:00" endTime="2012-11-22T23:12:48.9379527+00:00" testType="13cdc9d9-ddb5-4fa4-a97d-d965ccfc6d4b" outcome="Failed" testListId="8c84fa94-04c1-424b-9868-57a2d4851a1d" relativeResultsDirectory="5c2a2a4e-dc9c-47d2-8457-a850c1100780">
      <Output>
        <ErrorInfo>
          <Message>Test method Project1VSTests.PlayerTests.SetNewPlayerThroughConstructor threw exception: 
System.BadImageFormatException: Could not load file or assembly 'TestProject1, Version=1.0.0.0, Culture=neutral, PublicKeyToken=null' or one of its dependencies. An attempt was made to load a program with an incorrect format.</Message>
          <StackTrace>    at Project1VSTests.PlayerTests.SetNewPlayerThroughConstructor()
</StackTrace>
        </ErrorInfo>
      </Output>
    </UnitTestResult>
  </Results>
</TestRun>