<?xml version="1.0" encoding="UTF-8"?>
<TestRun id="8973bbbe-6a19-4e21-8bb6-22a1df4408e4" name="pc1@ADI 2012-11-22 23:15:31" runUser="ADI\pc1" xmlns="http://microsoft.com/schemas/VisualStudio/TeamTest/2010">
  <TestSettings name="Local" id="8e47a06c-9acb-4e37-8aaa-ce98d320818c">
    <Description>These are default test settings for a local test run.</Description>
    <Deployment enabled="false" runDeploymentRoot="pc1_ADI 2012-11-22 23_15_31">
      <DeploymentItem filename="C:\Personal\Go\TestProject1\TestProject1\bin\Debug\TestProject1.exe" />
    </Deployment>
    <Execution>
      <TestTypeSpecific />
      <AgentRule name="Execution Agents">
      </AgentRule>
    </Execution>
  </TestSettings>
  <Times creation="2012-11-22T23:15:31.2382358+00:00" queuing="2012-11-22T23:15:31.3822440+00:00" start="2012-11-22T23:15:31.3942447+00:00" finish="2012-11-22T23:15:31.7422646+00:00" />
  <ResultSummary outcome="Completed">
    <Counters total="6" executed="6" passed="6" error="0" failed="0" timeout="0" aborted="0" inconclusive="0" passedButRunAborted="0" notRunnable="0" notExecuted="0" disconnected="0" warning="0" completed="0" inProgress="0" pending="0" />
  </ResultSummary>
  <TestDefinitions>
    <UnitTest name="SetAndGetPlayerID" storage="c:\personal\go\testproject1\project1vstests\bin\debug\project1vstests.dll" id="4f837ab8-5754-1eea-a938-0dd85065929c">
      <Execution id="e9ce038c-f886-4430-a848-7f392d994278" />
      <TestMethod codeBase="C:/Personal/Go/TestProject1/Project1VSTests/bin/Debug/Project1VSTests.DLL" adapterTypeName="Microsoft.VisualStudio.TestTools.TestTypes.Unit.UnitTestAdapter, Microsoft.VisualStudio.QualityTools.Tips.UnitTest.Adapter, Version=10.0.0.0, Culture=neutral, PublicKeyToken=b03f5f7f11d50a3a" className="Project1VSTests.PlayerTests, Project1VSTests, Version=1.0.0.0, Culture=neutral, PublicKeyToken=null" name="SetAndGetPlayerID" />
    </UnitTest>
    <UnitTest name="SetNewPlayerThroughConstructor" storage="c:\personal\go\testproject1\project1vstests\bin\debug\project1vstests.dll" id="720f2ed8-00d2-a182-67a8-02668befcf50">
      <Execution id="e48d54bf-d80b-40d8-a109-a1dc82e79b04" />
      <TestMethod codeBase="C:/Personal/Go/TestProject1/Project1VSTests/bin/Debug/Project1VSTests.DLL" adapterTypeName="Microsoft.VisualStudio.TestTools.TestTypes.Unit.UnitTestAdapter, Microsoft.VisualStudio.QualityTools.Tips.UnitTest.Adapter, Version=10.0.0.0, Culture=neutral, PublicKeyToken=b03f5f7f11d50a3a" className="Project1VSTests.PlayerTests, Project1VSTests, Version=1.0.0.0, Culture=neutral, PublicKeyToken=null" name="SetNewPlayerThroughConstructor" />
    </UnitTest>
    <UnitTest name="NewPlayerDefaultRankIsThirtySixKyu" storage="c:\personal\go\testproject1\project1vstests\bin\debug\project1vstests.dll" id="f2df5bd3-730e-ae0f-298c-daf0a9ebf65d">
      <Execution id="d1191a00-68ca-41a4-bc3b-a3a5f79c685b" />
      <TestMethod codeBase="C:/Personal/Go/TestProject1/Project1VSTests/bin/Debug/Project1VSTests.DLL" adapterTypeName="Microsoft.VisualStudio.TestTools.TestTypes.Unit.UnitTestAdapter, Microsoft.VisualStudio.QualityTools.Tips.UnitTest.Adapter, Version=10.0.0.0, Culture=neutral, PublicKeyToken=b03f5f7f11d50a3a" className="Project1VSTests.PlayerTests, Project1VSTests, Version=1.0.0.0, Culture=neutral, PublicKeyToken=null" name="NewPlayerDefaultRankIsThirtySixKyu" />
    </UnitTest>
    <UnitTest name="SetAndGetPlayerName" storage="c:\personal\go\testproject1\project1vstests\bin\debug\project1vstests.dll" id="c4315d0c-5e58-dd69-04ed-59932af5fc00">
      <Execution id="7bf3690d-8809-49c2-a6e1-c53aa7a33fa1" />
      <TestMethod codeBase="C:/Personal/Go/TestProject1/Project1VSTests/bin/Debug/Project1VSTests.DLL" adapterTypeName="Microsoft.VisualStudio.TestTools.TestTypes.Unit.UnitTestAdapter, Microsoft.VisualStudio.QualityTools.Tips.UnitTest.Adapter, Version=10.0.0.0, Culture=neutral, PublicKeyToken=b03f5f7f11d50a3a" className="Project1VSTests.PlayerTests, Project1VSTests, Version=1.0.0.0, Culture=neutral, PublicKeyToken=null" name="SetAndGetPlayerName" />
    </UnitTest>
    <UnitTest name="TestMethod1" storage="c:\personal\go\testproject1\project1vstests\bin\debug\project1vstests.dll" id="a196d2db-b595-47e8-0f85-ff9cf91d15cd">
      <Execution id="1c09d7fa-05c9-45ba-9247-747e9510e628" />
      <TestMethod codeBase="C:/Personal/Go/TestProject1/Project1VSTests/bin/Debug/Project1VSTests.DLL" adapterTypeName="Microsoft.VisualStudio.TestTools.TestTypes.Unit.UnitTestAdapter, Microsoft.VisualStudio.QualityTools.Tips.UnitTest.Adapter, Version=10.0.0.0, Culture=neutral, PublicKeyToken=b03f5f7f11d50a3a" className="Project1VSTests.UnitTest1, Project1VSTests, Version=1.0.0.0, Culture=neutral, PublicKeyToken=null" name="TestMethod1" />
    </UnitTest>
    <UnitTest name="NewPlayerDefaultRungIsMiddleRung" storage="c:\personal\go\testproject1\project1vstests\bin\debug\project1vstests.dll" id="33ae37c7-06f7-601e-4782-0e9bb5db6fa3">
      <Execution id="eee0ae6c-7f57-4b9e-98b4-448883ca82be" />
      <TestMethod codeBase="C:/Personal/Go/TestProject1/Project1VSTests/bin/Debug/Project1VSTests.DLL" adapterTypeName="Microsoft.VisualStudio.TestTools.TestTypes.Unit.UnitTestAdapter, Microsoft.VisualStudio.QualityTools.Tips.UnitTest.Adapter, Version=10.0.0.0, Culture=neutral, PublicKeyToken=b03f5f7f11d50a3a" className="Project1VSTests.PlayerTests, Project1VSTests, Version=1.0.0.0, Culture=neutral, PublicKeyToken=null" name="NewPlayerDefaultRungIsMiddleRung" />
    </UnitTest>
  </TestDefinitions>
  <TestLists>
    <TestList name="Results Not in a List" id="8c84fa94-04c1-424b-9868-57a2d4851a1d" />
    <TestList name="All Loaded Results" id="19431567-8539-422a-85d7-44ee4e166bda" />
  </TestLists>
  <TestEntries>
    <TestEntry testId="a196d2db-b595-47e8-0f85-ff9cf91d15cd" executionId="1c09d7fa-05c9-45ba-9247-747e9510e628" testListId="8c84fa94-04c1-424b-9868-57a2d4851a1d" />
    <TestEntry testId="c4315d0c-5e58-dd69-04ed-59932af5fc00" executionId="7bf3690d-8809-49c2-a6e1-c53aa7a33fa1" testListId="8c84fa94-04c1-424b-9868-57a2d4851a1d" />
    <TestEntry testId="4f837ab8-5754-1eea-a938-0dd85065929c" executionId="e9ce038c-f886-4430-a848-7f392d994278" testListId="8c84fa94-04c1-424b-9868-57a2d4851a1d" />
    <TestEntry testId="f2df5bd3-730e-ae0f-298c-daf0a9ebf65d" executionId="d1191a00-68ca-41a4-bc3b-a3a5f79c685b" testListId="8c84fa94-04c1-424b-9868-57a2d4851a1d" />
    <TestEntry testId="33ae37c7-06f7-601e-4782-0e9bb5db6fa3" executionId="eee0ae6c-7f57-4b9e-98b4-448883ca82be" testListId="8c84fa94-04c1-424b-9868-57a2d4851a1d" />
    <TestEntry testId="720f2ed8-00d2-a182-67a8-02668befcf50" executionId="e48d54bf-d80b-40d8-a109-a1dc82e79b04" testListId="8c84fa94-04c1-424b-9868-57a2d4851a1d" />
  </TestEntries>
  <Results>
    <UnitTestResult executionId="1c09d7fa-05c9-45ba-9247-747e9510e628" testId="a196d2db-b595-47e8-0f85-ff9cf91d15cd" testName="TestMethod1" computerName="ADI" duration="00:00:00.0133853" startTime="2012-11-22T23:15:31.4052453+00:00" endTime="2012-11-22T23:15:31.6592599+00:00" testType="13cdc9d9-ddb5-4fa4-a97d-d965ccfc6d4b" outcome="Passed" testListId="8c84fa94-04c1-424b-9868-57a2d4851a1d" relativeResultsDirectory="1c09d7fa-05c9-45ba-9247-747e9510e628">
    </UnitTestResult>
    <UnitTestResult executionId="7bf3690d-8809-49c2-a6e1-c53aa7a33fa1" testId="c4315d0c-5e58-dd69-04ed-59932af5fc00" testName="SetAndGetPlayerName" computerName="ADI" duration="00:00:00.0044813" startTime="2012-11-22T23:15:31.6632601+00:00" endTime="2012-11-22T23:15:31.6722606+00:00" testType="13cdc9d9-ddb5-4fa4-a97d-d965ccfc6d4b" outcome="Passed" testListId="8c84fa94-04c1-424b-9868-57a2d4851a1d" relativeResultsDirectory="7bf3690d-8809-49c2-a6e1-c53aa7a33fa1">
    </UnitTestResult>
    <UnitTestResult executionId="e9ce038c-f886-4430-a848-7f392d994278" testId="4f837ab8-5754-1eea-a938-0dd85065929c" testName="SetAndGetPlayerID" computerName="ADI" duration="00:00:00.0010398" startTime="2012-11-22T23:15:31.7012623+00:00" endTime="2012-11-22T23:15:31.7052625+00:00" testType="13cdc9d9-ddb5-4fa4-a97d-d965ccfc6d4b" outcome="Passed" testListId="8c84fa94-04c1-424b-9868-57a2d4851a1d" relativeResultsDirectory="e9ce038c-f886-4430-a848-7f392d994278">
    </UnitTestResult>
    <UnitTestResult executionId="d1191a00-68ca-41a4-bc3b-a3a5f79c685b" testId="f2df5bd3-730e-ae0f-298c-daf0a9ebf65d" testName="NewPlayerDefaultRankIsThirtySixKyu" computerName="ADI" duration="00:00:00.0010162" startTime="2012-11-22T23:15:31.7072626+00:00" endTime="2012-11-22T23:15:31.7112628+00:00" testType="13cdc9d9-ddb5-4fa4-a97d-d965ccfc6d4b" outcome="Passed" testListId="8c84fa94-04c1-424b-9868-57a2d4851a1d" relativeResultsDirectory="d1191a00-68ca-41a4-bc3b-a3a5f79c685b">
    </UnitTestResult>
    <UnitTestResult executionId="eee0ae6c-7f57-4b9e-98b4-448883ca82be" testId="33ae37c7-06f7-601e-4782-0e9bb5db6fa3" testName="NewPlayerDefaultRungIsMiddleRung" computerName="ADI" duration="00:00:00.0010543" startTime="2012-11-22T23:15:31.7132629+00:00" endTime="2012-11-22T23:15:31.7172632+00:00" testType="13cdc9d9-ddb5-4fa4-a97d-d965ccfc6d4b" outcome="Passed" testListId="8c84fa94-04c1-424b-9868-57a2d4851a1d" relativeResultsDirectory="eee0ae6c-7f57-4b9e-98b4-448883ca82be">
    </UnitTestResult>
    <UnitTestResult executionId="e48d54bf-d80b-40d8-a109-a1dc82e79b04" testId="720f2ed8-00d2-a182-67a8-02668befcf50" testName="SetNewPlayerThroughConstructor" computerName="ADI" duration="00:00:00.0007211" startTime="2012-11-22T23:15:31.7202633+00:00" endTime="2012-11-22T23:15:31.7252636+00:00" testType="13cdc9d9-ddb5-4fa4-a97d-d965ccfc6d4b" outcome="Passed" testListId="8c84fa94-04c1-424b-9868-57a2d4851a1d" relativeResultsDirectory="e48d54bf-d80b-40d8-a109-a1dc82e79b04">
    </UnitTestResult>
  </Results>
</TestRun>