<?xml version="1.0" encoding="UTF-8"?>
<TestRun id="d5309eeb-a6dd-4f26-b680-961618075348" name="pc1@ADI 2012-11-22 23:11:32" runUser="ADI\pc1" xmlns="http://microsoft.com/schemas/VisualStudio/TeamTest/2010">
  <TestSettings name="Local" id="8e47a06c-9acb-4e37-8aaa-ce98d320818c">
    <Description>These are default test settings for a local test run.</Description>
    <Deployment enabled="false" runDeploymentRoot="pc1_ADI 2012-11-22 23_11_32">
      <DeploymentItem filename="C:\Personal\Go\TestProject1\TestProject1\bin\Debug\TestProject1.exe" />
    </Deployment>
    <Execution>
      <TestTypeSpecific />
      <AgentRule name="Execution Agents">
      </AgentRule>
    </Execution>
  </TestSettings>
  <Times creation="2012-11-22T23:11:32.3195704+00:00" queuing="2012-11-22T23:11:34.0956720+00:00" start="2012-11-22T23:11:34.2226793+00:00" finish="2012-11-22T23:11:35.5767567+00:00" />
  <ResultSummary outcome="Failed">
    <Counters total="6" executed="6" passed="1" error="0" failed="5" timeout="0" aborted="0" inconclusive="0" passedButRunAborted="0" notRunnable="0" notExecuted="0" disconnected="0" warning="0" completed="0" inProgress="0" pending="0" />
  </ResultSummary>
  <TestDefinitions>
    <UnitTest name="SetAndGetPlayerName" storage="c:\personal\go\testproject1\project1vstests\bin\debug\project1vstests.dll" id="67059977-9af9-0f9c-579a-97c264c1fea9">
      <Execution id="2daeb12d-8ac6-402d-84ef-46f11b2a368c" />
      <TestMethod codeBase="C:/Personal/Go/TestProject1/Project1VSTests/bin/Debug/Project1VSTests.DLL" adapterTypeName="Microsoft.VisualStudio.TestTools.TestTypes.Unit.UnitTestAdapter, Microsoft.VisualStudio.QualityTools.Tips.UnitTest.Adapter, Version=10.0.0.0, Culture=neutral, PublicKeyToken=b03f5f7f11d50a3a" className="Project1.PlayerTests, Project1VSTests, Version=1.0.0.0, Culture=neutral, PublicKeyToken=null" name="SetAndGetPlayerName" />
    </UnitTest>
    <UnitTest name="NewPlayerDefaultRankIsThirtySixKyu" storage="c:\personal\go\testproject1\project1vstests\bin\debug\project1vstests.dll" id="e1e7dca0-9e9e-6051-146d-d722cd8342c2">
      <Execution id="06571efd-b865-426c-9911-a828fdf2fe77" />
      <TestMethod codeBase="C:/Personal/Go/TestProject1/Project1VSTests/bin/Debug/Project1VSTests.DLL" adapterTypeName="Microsoft.VisualStudio.TestTools.TestTypes.Unit.UnitTestAdapter, Microsoft.VisualStudio.QualityTools.Tips.UnitTest.Adapter, Version=10.0.0.0, Culture=neutral, PublicKeyToken=b03f5f7f11d50a3a" className="Project1.PlayerTests, Project1VSTests, Version=1.0.0.0, Culture=neutral, PublicKeyToken=null" name="NewPlayerDefaultRankIsThirtySixKyu" />
    </UnitTest>
    <UnitTest name="SetNewPlayerThroughConstructor" storage="c:\personal\go\testproject1\project1vstests\bin\debug\project1vstests.dll" id="b9a76c99-9145-d3be-9648-207ab5a64d1d">
      <Execution id="55f736f1-51a1-47c7-8f3c-56812bae7f4b" />
      <TestMethod codeBase="C:/Personal/Go/TestProject1/Project1VSTests/bin/Debug/Project1VSTests.DLL" adapterTypeName="Microsoft.VisualStudio.TestTools.TestTypes.Unit.UnitTestAdapter, Microsoft.VisualStudio.QualityTools.Tips.UnitTest.Adapter, Version=10.0.0.0, Culture=neutral, PublicKeyToken=b03f5f7f11d50a3a" className="Project1.PlayerTests, Project1VSTests, Version=1.0.0.0, Culture=neutral, PublicKeyToken=null" name="SetNewPlayerThroughConstructor" />
    </UnitTest>
    <UnitTest name="SetAndGetPlayerID" storage="c:\personal\go\testproject1\project1vstests\bin\debug\project1vstests.dll" id="2a5a8da3-8c92-50ab-0864-63a216de8ddd">
      <Execution id="ee8ad915-9805-4b81-a761-0e933916e924" />
      <TestMethod codeBase="C:/Personal/Go/TestProject1/Project1VSTests/bin/Debug/Project1VSTests.DLL" adapterTypeName="Microsoft.VisualStudio.TestTools.TestTypes.Unit.UnitTestAdapter, Microsoft.VisualStudio.QualityTools.Tips.UnitTest.Adapter, Version=10.0.0.0, Culture=neutral, PublicKeyToken=b03f5f7f11d50a3a" className="Project1.PlayerTests, Project1VSTests, Version=1.0.0.0, Culture=neutral, PublicKeyToken=null" name="SetAndGetPlayerID" />
    </UnitTest>
    <UnitTest name="NewPlayerDefaultRungIsMiddleRung" storage="c:\personal\go\testproject1\project1vstests\bin\debug\project1vstests.dll" id="4c58c331-f849-3000-be35-14d9061a5823">
      <Execution id="8f113fb6-049e-4db2-b7ca-acc89b539b79" />
      <TestMethod codeBase="C:/Personal/Go/TestProject1/Project1VSTests/bin/Debug/Project1VSTests.DLL" adapterTypeName="Microsoft.VisualStudio.TestTools.TestTypes.Unit.UnitTestAdapter, Microsoft.VisualStudio.QualityTools.Tips.UnitTest.Adapter, Version=10.0.0.0, Culture=neutral, PublicKeyToken=b03f5f7f11d50a3a" className="Project1.PlayerTests, Project1VSTests, Version=1.0.0.0, Culture=neutral, PublicKeyToken=null" name="NewPlayerDefaultRungIsMiddleRung" />
    </UnitTest>
    <UnitTest name="TestMethod1" storage="c:\personal\go\testproject1\project1vstests\bin\debug\project1vstests.dll" id="a196d2db-b595-47e8-0f85-ff9cf91d15cd">
      <Execution id="c79f7641-2d3e-4105-9aba-89c396ea422f" />
      <TestMethod codeBase="C:/Personal/Go/TestProject1/Project1VSTests/bin/Debug/Project1VSTests.DLL" adapterTypeName="Microsoft.VisualStudio.TestTools.TestTypes.Unit.UnitTestAdapter, Microsoft.VisualStudio.QualityTools.Tips.UnitTest.Adapter, Version=10.0.0.0, Culture=neutral, PublicKeyToken=b03f5f7f11d50a3a" className="Project1VSTests.UnitTest1, Project1VSTests, Version=1.0.0.0, Culture=neutral, PublicKeyToken=null" name="TestMethod1" />
    </UnitTest>
  </TestDefinitions>
  <TestLists>
    <TestList name="Results Not in a List" id="8c84fa94-04c1-424b-9868-57a2d4851a1d" />
    <TestList name="All Loaded Results" id="19431567-8539-422a-85d7-44ee4e166bda" />
  </TestLists>
  <TestEntries>
    <TestEntry testId="a196d2db-b595-47e8-0f85-ff9cf91d15cd" executionId="c79f7641-2d3e-4105-9aba-89c396ea422f" testListId="8c84fa94-04c1-424b-9868-57a2d4851a1d" />
    <TestEntry testId="67059977-9af9-0f9c-579a-97c264c1fea9" executionId="2daeb12d-8ac6-402d-84ef-46f11b2a368c" testListId="8c84fa94-04c1-424b-9868-57a2d4851a1d" />
    <TestEntry testId="2a5a8da3-8c92-50ab-0864-63a216de8ddd" executionId="ee8ad915-9805-4b81-a761-0e933916e924" testListId="8c84fa94-04c1-424b-9868-57a2d4851a1d" />
    <TestEntry testId="e1e7dca0-9e9e-6051-146d-d722cd8342c2" executionId="06571efd-b865-426c-9911-a828fdf2fe77" testListId="8c84fa94-04c1-424b-9868-57a2d4851a1d" />
    <TestEntry testId="4c58c331-f849-3000-be35-14d9061a5823" executionId="8f113fb6-049e-4db2-b7ca-acc89b539b79" testListId="8c84fa94-04c1-424b-9868-57a2d4851a1d" />
    <TestEntry testId="b9a76c99-9145-d3be-9648-207ab5a64d1d" executionId="55f736f1-51a1-47c7-8f3c-56812bae7f4b" testListId="8c84fa94-04c1-424b-9868-57a2d4851a1d" />
  </TestEntries>
  <Results>
    <UnitTestResult executionId="c79f7641-2d3e-4105-9aba-89c396ea422f" testId="a196d2db-b595-47e8-0f85-ff9cf91d15cd" testName="TestMethod1" computerName="ADI" duration="00:00:00.0110315" startTime="2012-11-22T23:11:34.3726878+00:00" endTime="2012-11-22T23:11:35.1587328+00:00" testType="13cdc9d9-ddb5-4fa4-a97d-d965ccfc6d4b" outcome="Passed" testListId="8c84fa94-04c1-424b-9868-57a2d4851a1d" relativeResultsDirectory="c79f7641-2d3e-4105-9aba-89c396ea422f">
    </UnitTestResult>
    <UnitTestResult executionId="2daeb12d-8ac6-402d-84ef-46f11b2a368c" testId="67059977-9af9-0f9c-579a-97c264c1fea9" testName="SetAndGetPlayerName" computerName="ADI" duration="00:00:00.0871258" startTime="2012-11-22T23:11:35.1857343+00:00" endTime="2012-11-22T23:11:35.2807398+00:00" testType="13cdc9d9-ddb5-4fa4-a97d-d965ccfc6d4b" outcome="Failed" testListId="8c84fa94-04c1-424b-9868-57a2d4851a1d" relativeResultsDirectory="2daeb12d-8ac6-402d-84ef-46f11b2a368c">
      <Output>
        <ErrorInfo>
          <Message>Test method Project1.PlayerTests.SetAndGetPlayerName threw exception: 
System.BadImageFormatException: Could not load file or assembly 'TestProject1, Version=1.0.0.0, Culture=neutral, PublicKeyToken=null' or one of its dependencies. An attempt was made to load a program with an incorrect format.</Message>
          <StackTrace>    at Project1.PlayerTests.SetAndGetPlayerName()
</StackTrace>
        </ErrorInfo>
      </Output>
    </UnitTestResult>
    <UnitTestResult executionId="ee8ad915-9805-4b81-a761-0e933916e924" testId="2a5a8da3-8c92-50ab-0864-63a216de8ddd" testName="SetAndGetPlayerID" computerName="ADI" duration="00:00:00.0256624" startTime="2012-11-22T23:11:35.2917404+00:00" endTime="2012-11-22T23:11:35.3237422+00:00" testType="13cdc9d9-ddb5-4fa4-a97d-d965ccfc6d4b" outcome="Failed" testListId="8c84fa94-04c1-424b-9868-57a2d4851a1d" relativeResultsDirectory="ee8ad915-9805-4b81-a761-0e933916e924">
      <Output>
        <ErrorInfo>
          <Message>Test method Project1.PlayerTests.SetAndGetPlayerID threw exception: 
System.BadImageFormatException: Could not load file or assembly 'TestProject1, Version=1.0.0.0, Culture=neutral, PublicKeyToken=null' or one of its dependencies. An attempt was made to load a program with an incorrect format.</Message>
          <StackTrace>    at Project1.PlayerTests.SetAndGetPlayerID()
</StackTrace>
        </ErrorInfo>
      </Output>
    </UnitTestResult>
    <UnitTestResult executionId="06571efd-b865-426c-9911-a828fdf2fe77" testId="e1e7dca0-9e9e-6051-146d-d722cd8342c2" testName="NewPlayerDefaultRankIsThirtySixKyu" computerName="ADI" duration="00:00:00.0289995" startTime="2012-11-22T23:11:35.3317427+00:00" endTime="2012-11-22T23:11:35.3677448+00:00" testType="13cdc9d9-ddb5-4fa4-a97d-d965ccfc6d4b" outcome="Failed" testListId="8c84fa94-04c1-424b-9868-57a2d4851a1d" relativeResultsDirectory="06571efd-b865-426c-9911-a828fdf2fe77">
      <Output>
        <ErrorInfo>
          <Message>Test method Project1.PlayerTests.NewPlayerDefaultRankIsThirtySixKyu threw exception: 
System.BadImageFormatException: Could not load file or assembly 'TestProject1, Version=1.0.0.0, Culture=neutral, PublicKeyToken=null' or one of its dependencies. An attempt was made to load a program with an incorrect format.</Message>
          <StackTrace>    at Project1.PlayerTests.NewPlayerDefaultRankIsThirtySixKyu()
</StackTrace>
        </ErrorInfo>
      </Output>
    </UnitTestResult>
    <UnitTestResult executionId="8f113fb6-049e-4db2-b7ca-acc89b539b79" testId="4c58c331-f849-3000-be35-14d9061a5823" testName="NewPlayerDefaultRungIsMiddleRung" computerName="ADI" duration="00:00:00.0309119" startTime="2012-11-22T23:11:35.3787454+00:00" endTime="2012-11-22T23:11:35.4167476+00:00" testType="13cdc9d9-ddb5-4fa4-a97d-d965ccfc6d4b" outcome="Failed" testListId="8c84fa94-04c1-424b-9868-57a2d4851a1d" relativeResultsDirectory="8f113fb6-049e-4db2-b7ca-acc89b539b79">
      <Output>
        <ErrorInfo>
          <Message>Test method Project1.PlayerTests.NewPlayerDefaultRungIsMiddleRung threw exception: 
System.BadImageFormatException: Could not load file or assembly 'TestProject1, Version=1.0.0.0, Culture=neutral, PublicKeyToken=null' or one of its dependencies. An attempt was made to load a program with an incorrect format.</Message>
          <StackTrace>    at Project1.PlayerTests.NewPlayerDefaultRungIsMiddleRung()
</StackTrace>
        </ErrorInfo>
      </Output>
    </UnitTestResult>
    <UnitTestResult executionId="55f736f1-51a1-47c7-8f3c-56812bae7f4b" testId="b9a76c99-9145-d3be-9648-207ab5a64d1d" testName="SetNewPlayerThroughConstructor" computerName="ADI" duration="00:00:00.0296266" startTime="2012-11-22T23:11:35.4257481+00:00" endTime="2012-11-22T23:11:35.4627502+00:00" testType="13cdc9d9-ddb5-4fa4-a97d-d965ccfc6d4b" outcome="Failed" testListId="8c84fa94-04c1-424b-9868-57a2d4851a1d" relativeResultsDirectory="55f736f1-51a1-47c7-8f3c-56812bae7f4b">
      <Output>
        <ErrorInfo>
          <Message>Test method Project1.PlayerTests.SetNewPlayerThroughConstructor threw exception: 
System.BadImageFormatException: Could not load file or assembly 'TestProject1, Version=1.0.0.0, Culture=neutral, PublicKeyToken=null' or one of its dependencies. An attempt was made to load a program with an incorrect format.</Message>
          <StackTrace>    at Project1.PlayerTests.SetNewPlayerThroughConstructor()
</StackTrace>
        </ErrorInfo>
      </Output>
    </UnitTestResult>
  </Results>
</TestRun>